Component: ARM Compiler 5.06 update 6 (build 750) Tool: armlink [4d35ed]

==============================================================================

Section Cross References

    startup_stm32f072xb.o(RESET) refers to startup_stm32f072xb.o(STACK) for __initial_sp
    startup_stm32f072xb.o(RESET) refers to startup_stm32f072xb.o(.text) for Reset_Handler
    startup_stm32f072xb.o(RESET) refers to stm32f0xx_it.o(i.NMI_Handler) for NMI_Handler
    startup_stm32f072xb.o(RESET) refers to stm32f0xx_it.o(i.HardFault_Handler) for HardFault_Handler
    startup_stm32f072xb.o(RESET) refers to port.o(i.SVC_Handler) for SVC_Handler
    startup_stm32f072xb.o(RESET) refers to port.o(.emb_text) for PendSV_Handler
    startup_stm32f072xb.o(RESET) refers to port.o(i.SysTick_Handler) for SysTick_Handler
    startup_stm32f072xb.o(RESET) refers to stm32f0xx_it.o(i.EXTI4_15_IRQHandler) for EXTI4_15_IRQHandler
    startup_stm32f072xb.o(RESET) refers to stm32f0xx_it.o(i.TIM1_BRK_UP_TRG_COM_IRQHandler) for TIM1_BRK_UP_TRG_COM_IRQHandler
    startup_stm32f072xb.o(RESET) refers to stm32f0xx_it.o(i.USART1_IRQHandler) for USART1_IRQHandler
    startup_stm32f072xb.o(RESET) refers to stm32f0xx_it.o(i.USART2_IRQHandler) for USART2_IRQHandler
    startup_stm32f072xb.o(.text) refers to system_stm32f0xx.o(i.SystemInit) for SystemInit
    startup_stm32f072xb.o(.text) refers to entry.o(.ARM.Collect$$$$00000000) for __main
    main.o(i.HAL_TIM_PeriodElapsedCallback) refers to stm32f0xx_hal.o(i.HAL_IncTick) for HAL_IncTick
    main.o(i.SystemClock_Config) refers to memseta.o(.text) for __aeabi_memclr4
    main.o(i.SystemClock_Config) refers to stm32f0xx_hal_rcc.o(i.HAL_RCC_OscConfig) for HAL_RCC_OscConfig
    main.o(i.SystemClock_Config) refers to main.o(i.Error_Handler) for Error_Handler
    main.o(i.SystemClock_Config) refers to stm32f0xx_hal_rcc.o(i.HAL_RCC_ClockConfig) for HAL_RCC_ClockConfig
    main.o(i.SystemClock_Config) refers to stm32f0xx_hal_rcc_ex.o(i.HAL_RCCEx_PeriphCLKConfig) for HAL_RCCEx_PeriphCLKConfig
    main.o(i.main) refers to stm32f0xx_hal.o(i.HAL_Init) for HAL_Init
    main.o(i.main) refers to main.o(i.SystemClock_Config) for SystemClock_Config
    main.o(i.main) refers to gpio.o(i.MX_GPIO_Init) for MX_GPIO_Init
    main.o(i.main) refers to spi.o(i.MX_SPI1_Init) for MX_SPI1_Init
    main.o(i.main) refers to usart.o(i.MX_USART1_UART_Init) for MX_USART1_UART_Init
    main.o(i.main) refers to i2c.o(i.MX_I2C1_Init) for MX_I2C1_Init
    main.o(i.main) refers to usart.o(i.MX_USART2_UART_Init) for MX_USART2_UART_Init
    main.o(i.main) refers to usart.o(i.MX_USART3_UART_Init) for MX_USART3_UART_Init
    main.o(i.main) refers to usart.o(i.MX_USART4_UART_Init) for MX_USART4_UART_Init
    main.o(i.main) refers to w25qxx.o(i.W25QXX_Init) for W25QXX_Init
    main.o(i.main) refers to mcp4725.o(i.MCP4725_All_Init) for MCP4725_All_Init
    main.o(i.main) refers to mcp4725.o(i.MP4201_SET_MODE) for MP4201_SET_MODE
    main.o(i.main) refers to mcp4725.o(i.MP4201_SET_FREQ) for MP4201_SET_FREQ
    main.o(i.main) refers to mp4201.o(i.MP4201_Init) for MP4201_Init
    main.o(i.main) refers to mp4201driver.o(i.mp4201_vout_set) for mp4201_vout_set
    main.o(i.main) refers to stm32f0xx_hal_uart.o(i.HAL_UART_Receive_IT) for HAL_UART_Receive_IT
    main.o(i.main) refers to cmsis_os2.o(i.osKernelInitialize) for osKernelInitialize
    main.o(i.main) refers to freertos.o(i.MX_FREERTOS_Init) for MX_FREERTOS_Init
    main.o(i.main) refers to cmsis_os2.o(i.osKernelStart) for osKernelStart
    main.o(i.main) refers to mp4201.o(.bss) for MP4201
    main.o(i.main) refers to main.o(.data) for vout_target
    main.o(i.main) refers to usart.o(.bss) for huart1
    gpio.o(i.MX_GPIO_Init) refers to memseta.o(.text) for __aeabi_memclr4
    gpio.o(i.MX_GPIO_Init) refers to stm32f0xx_hal_gpio.o(i.HAL_GPIO_WritePin) for HAL_GPIO_WritePin
    gpio.o(i.MX_GPIO_Init) refers to stm32f0xx_hal_gpio.o(i.HAL_GPIO_Init) for HAL_GPIO_Init
    gpio.o(i.MX_GPIO_Init) refers to stm32f0xx_hal_cortex.o(i.HAL_NVIC_SetPriority) for HAL_NVIC_SetPriority
    gpio.o(i.MX_GPIO_Init) refers to stm32f0xx_hal_cortex.o(i.HAL_NVIC_EnableIRQ) for HAL_NVIC_EnableIRQ
    freertos.o(i.MP4201_R) refers to mp4201.o(i.get_mp4201_all_info) for get_mp4201_all_info
    freertos.o(i.MP4201_R) refers to cmsis_os2.o(i.osDelay) for osDelay
    freertos.o(i.MP4201_R) refers to mp4201.o(.bss) for MP4201
    freertos.o(i.MP4201_W) refers to mp4201driver.o(i.mp4201_vout_set) for mp4201_vout_set
    freertos.o(i.MP4201_W) refers to cmsis_os2.o(i.osDelay) for osDelay
    freertos.o(i.MP4201_W) refers to main.o(.data) for vout_target
    freertos.o(i.MP4201_W) refers to mp4201.o(.bss) for MP4201
    freertos.o(i.MX_FREERTOS_Init) refers to cmsis_os2.o(i.osThreadNew) for osThreadNew
    freertos.o(i.MX_FREERTOS_Init) refers to freertos.o(.constdata) for defaultTask_attributes
    freertos.o(i.MX_FREERTOS_Init) refers to freertos.o(i.StartDefaultTask) for StartDefaultTask
[...]
    i.vTaskDelay                             0x080072d0   Section        0  tasks.o(i.vTaskDelay)
    i.vTaskInternalSetTimeOutState           0x08007314   Section        0  tasks.o(i.vTaskInternalSetTimeOutState)
    i.vTaskMissedYield                       0x0800732c   Section        0  tasks.o(i.vTaskMissedYield)
    i.vTaskPlaceOnEventList                  0x08007338   Section        0  tasks.o(i.vTaskPlaceOnEventList)
    i.vTaskPlaceOnEventListRestricted        0x08007364   Section        0  tasks.o(i.vTaskPlaceOnEventListRestricted)
    i.vTaskStartScheduler                    0x08007398   Section        0  tasks.o(i.vTaskStartScheduler)
    i.vTaskSuspendAll                        0x08007438   Section        0  tasks.o(i.vTaskSuspendAll)
    i.vTaskSwitchContext                     0x08007448   Section        0  tasks.o(i.vTaskSwitchContext)
    i.write_mp4201_MFR_CTRL1_reg             0x080074c8   Section        0  mp4201driver.o(i.write_mp4201_MFR_CTRL1_reg)
    i.write_mp4201_MFR_OVP_CTRL_reg          0x080074e2   Section        0  mp4201driver.o(i.write_mp4201_MFR_OVP_CTRL_reg)
    i.xPortStartScheduler                    0x080074fc   Section        0  port.o(i.xPortStartScheduler)
    i.xQueueGenericCreateStatic              0x08007534   Section        0  queue.o(i.xQueueGenericCreateStatic)
    i.xQueueGenericReset                     0x080075d2   Section        0  queue.o(i.xQueueGenericReset)
    i.xQueueGenericSend                      0x08007654   Section        0  queue.o(i.xQueueGenericSend)
    i.xQueueGenericSendFromISR               0x080077ae   Section        0  queue.o(i.xQueueGenericSendFromISR)
    i.xQueueReceive                          0x0800786a   Section        0  queue.o(i.xQueueReceive)
    i.xTaskCheckForTimeOut                   0x080079a4   Section        0  tasks.o(i.xTaskCheckForTimeOut)
    i.xTaskCreate                            0x08007a18   Section        0  tasks.o(i.xTaskCreate)
    i.xTaskCreateStatic                      0x08007a7a   Section        0  tasks.o(i.xTaskCreateStatic)
    i.xTaskGetSchedulerState                 0x08007b00   Section        0  tasks.o(i.xTaskGetSchedulerState)
    i.xTaskGetTickCount                      0x08007b24   Section        0  tasks.o(i.xTaskGetTickCount)
    i.xTaskIncrementTick                     0x08007b30   Section        0  tasks.o(i.xTaskIncrementTick)
    i.xTaskPriorityDisinherit                0x08007c6c   Section        0  tasks.o(i.xTaskPriorityDisinherit)
    i.xTaskRemoveFromEventList               0x08007cf4   Section        0  tasks.o(i.xTaskRemoveFromEventList)
    i.xTaskResumeAll                         0x08007d7c   Section        0  tasks.o(i.xTaskResumeAll)
    i.xTimerCreateTimerTask                  0x08007e6c   Section        0  timers.o(i.xTimerCreateTimerTask)
    i.xTimerGenericCommand                   0x08007edc   Section        0  timers.o(i.xTimerGenericCommand)
    .constdata                               0x08007f50   Section      144  freertos.o(.constdata)
    .constdata                               0x08007fe0   Section       32  stm32f0xx_hal_rcc.o(.constdata)
    aPLLMULFactorTable                       0x08007fe0   Data          16  stm32f0xx_hal_rcc.o(.constdata)
    aPredivFactorTable                       0x08007ff0   Data          16  stm32f0xx_hal_rcc.o(.constdata)
    .constdata                               0x08008000   Section       24  system_stm32f0xx.o(.constdata)
    .conststring                             0x08008018   Section       56  freertos.o(.conststring)
    .data                                    0x20000000   Section       30  main.o(.data)
    recv_data                                0x20000000   Data           1  main.o(.data)
    .data                                    0x20000020   Section       20  freertos.o(.data)
    recv_data                                0x20000020   Data           1  freertos.o(.data)
    .data                                    0x20000034   Section        4  usart.o(.data)
    recv_data                                0x20000034   Data           1  usart.o(.data)
    .data                                    0x20000038   Section        9  stm32f0xx_hal.o(.data)
    .data                                    0x20000044   Section        4  system_stm32f0xx.o(.data)
    .data                                    0x20000048   Section        2  w25qxx.o(.data)
    .data                                    0x2000004a   Section        2  mp4201driver.o(.data)
    .data                                    0x2000004c   Section       68  screen.o(.data)
    recv_data                                0x2000004c   Data           1  screen.o(.data)
    .data                                    0x20000090   Section       60  tasks.o(.data)
    pxDelayedTaskList                        0x20000094   Data           4  tasks.o(.data)
    pxOverflowDelayedTaskList                0x20000098   Data           4  tasks.o(.data)
    uxDeletedTasksWaitingCleanUp             0x2000009c   Data           4  tasks.o(.data)
    uxCurrentNumberOfTasks                   0x200000a0   Data           4  tasks.o(.data)
    xTickCount                               0x200000a4   Data           4  tasks.o(.data)
    uxTopReadyPriority                       0x200000a8   Data           4  tasks.o(.data)
    xSchedulerRunning                        0x200000ac   Data           4  tasks.o(.data)
    uxPendedTicks                            0x200000b0   Data           4  tasks.o(.data)
    xYieldPending                            0x200000b4   Data           4  tasks.o(.data)
    xNumOfOverflows                          0x200000b8   Data           4  tasks.o(.data)
    uxTaskNumber                             0x200000bc   Data           4  tasks.o(.data)
    xNextTaskUnblockTime                     0x200000c0   Data           4  tasks.o(.data)
    xIdleTaskHandle                          0x200000c4   Data           4  tasks.o(.data)
    uxSchedulerSuspended                     0x200000c8   Data           4  tasks.o(.data)
    .data                                    0x200000cc   Section       20  timers.o(.data)
    pxCurrentTimerList                       0x200000cc   Data           4  timers.o(.data)
    pxOverflowTimerList                      0x200000d0   Data           4  timers.o(.data)
    xTimerQueue                              0x200000d4   Data           4  timers.o(.data)
    xTimerTaskHandle                         0x200000d8   Data           4  timers.o(.data)
    xLastTime                                0x200000dc   Data           4  timers.o(.data)
    .data                                    0x200000e0   Section        4  cmsis_os2.o(.data)
    KernelState                              0x200000e0   Data           4  cmsis_os2.o(.data)
    .data                                    0x200000e4   Section       24  heap_4.o(.data)
    xStart                                   0x200000e4   Data           8  heap_4.o(.data)
    pxEnd                                    0x200000ec   Data           4  heap_4.o(.data)
    xFreeBytesRemaining                      0x200000f0   Data           4  heap_4.o(.data)
    xMinimumEverFreeBytesRemaining           0x200000f4   Data           4  heap_4.o(.data)
    xBlockAllocatedBit                       0x200000f8   Data           4  heap_4.o(.data)
    .data                                    0x200000fc   Section        4  port.o(.data)
    uxCriticalNesting                        0x200000fc   Data           4  port.o(.data)
    .data                                    0x20000100   Section        4  stdout.o(.data)
    .bss                                     0x20000104   Section       84  i2c.o(.bss)
    .bss                                     0x20000158   Section      100  spi.o(.bss)
    .bss                                     0x200001bc   Section      640  usart.o(.bss)
    .bss                                     0x2000043c   Section       72  stm32f0xx_hal_timebase_tim.o(.bss)
    .bss                                     0x20000484   Section      113  mp4201.o(.bss)
    .bss                                     0x200004f8   Section       64  queue.o(.bss)
    .bss                                     0x20000538   Section     1220  tasks.o(.bss)
    pxReadyTasksLists                        0x20000538   Data        1120  tasks.o(.bss)
    xDelayedTaskList1                        0x20000998   Data          20  tasks.o(.bss)
    xDelayedTaskList2                        0x200009ac   Data          20  tasks.o(.bss)
    xPendingReadyList                        0x200009c0   Data          20  tasks.o(.bss)
    xTasksWaitingTermination                 0x200009d4   Data          20  tasks.o(.bss)
    xSuspendedTaskList                       0x200009e8   Data          20  tasks.o(.bss)
    .bss                                     0x200009fc   Section      280  timers.o(.bss)
    xActiveTimerList1                        0x200009fc   Data          20  timers.o(.bss)
    xActiveTimerList2                        0x20000a10   Data          20  timers.o(.bss)
    xStaticTimerQueue                        0x20000a24   Data          80  timers.o(.bss)
    ucStaticTimerQueueStorage                0x20000a74   Data         160  timers.o(.bss)
    .bss                                     0x20000b14   Section     1720  cmsis_os2.o(.bss)
    Idle_TCB                                 0x20000b14   Data          92  cmsis_os2.o(.bss)
    Idle_Stack                               0x20000b70   Data         512  cmsis_os2.o(.bss)
    Timer_TCB                                0x20000d70   Data          92  cmsis_os2.o(.bss)
    Timer_Stack                              0x20000dcc   Data        1024  cmsis_os2.o(.bss)
    .bss                                     0x200011cc   Section     3072  heap_4.o(.bss)
    ucHeap                                   0x200011cc   Data        3072  heap_4.o(.bss)
    STACK                                    0x20001dd0   Section     1024  startup_stm32f072xb.o(STACK)

    Global Symbols

    Symbol Name                              Value     Ov Type        Size  Object(Section)

    BuildAttributes$$THM_ISAv3M$S$PE$A:L22$X:L11$S22$IEEE1$IW$USESV6$~STKCKD$USESV7$~SHL$OTIME$ROPI$EBA8$MICROLIB$REQ8$PRES8$EABIv2 0x00000000   Number         0  anon$$obj.o ABSOLUTE
    __ARM_use_no_argv                        0x00000000   Number         0  main.o ABSOLUTE
    _printf_a                                0x00000000   Number         0  stubs.o ABSOLUTE
    _printf_c                                0x00000000   Number         0  stubs.o ABSOLUTE
    _printf_charcount                        0x00000000   Number         0  stubs.o ABSOLUTE
    _printf_d                                0x00000000   Number         0  stubs.o ABSOLUTE
    _printf_e                                0x00000000   Number         0  stubs.o ABSOLUTE
    _printf_f                                0x00000000   Number         0  stubs.o ABSOLUTE
    _printf_flags                            0x00000000   Number         0  stubs.o ABSOLUTE
    _printf_fp_dec                           0x00000000   Number         0  stubs.o ABSOLUTE
    _printf_fp_hex                           0x00000000   Number         0  stubs.o ABSOLUTE
    _printf_g                                0x00000000   Number         0  stubs.o ABSOLUTE
    _printf_i                                0x00000000   Number         0  stubs.o ABSOLUTE
    _printf_int_dec                          0x00000000   Number         0  stubs.o ABSOLUTE
    _printf_l                                0x00000000   Number         0  stubs.o ABSOLUTE
    _printf_lc                               0x00000000   Number         0  stubs.o ABSOLUTE
    _printf_ll                               0x00000000   Number         0  stubs.o ABSOLUTE
    _printf_lld                              0x00000000   Number         0  stubs.o ABSOLUTE
    _printf_lli                              0x00000000   Number         0  stubs.o ABSOLUTE
    _printf_llo                              0x00000000   Number         0  stubs.o ABSOLUTE
    _printf_llu                              0x00000000   Number         0  stubs.o ABSOLUTE
    _printf_llx                              0x00000000   Number         0  stubs.o ABSOLUTE
    _printf_longlong_dec                     0x00000000   Number         0  stubs.o ABSOLUTE
    _printf_longlong_hex                     0x00000000   Number         0  stubs.o ABSOLUTE
    _printf_longlong_oct                     0x00000000   Number         0  stubs.o ABSOLUTE
    _printf_ls                               0x00000000   Number         0  stubs.o ABSOLUTE
    _printf_mbtowc                           0x00000000   Number         0  stubs.o ABSOLUTE
    _printf_n                                0x00000000   Number         0  stubs.o ABSOLUTE
    _printf_o                                0x00000000   Number         0  stubs.o ABSOLUTE
    _printf_p                                0x00000000   Number         0  stubs.o ABSOLUTE
    _printf_percent                          0x00000000   Number         0  stubs.o ABSOLUTE
    _printf_pre_padding                      0x00000000   Number         0  stubs.o ABSOLUTE
    _printf_return_value                     0x00000000   Number         0  stubs.o ABSOLUTE
    _printf_s                                0x00000000   Number         0  stubs.o ABSOLUTE
    _printf_sizespec                         0x00000000   Number         0  stubs.o ABSOLUTE
    _printf_str                              0x00000000   Number         0  stubs.o ABSOLUTE
    _printf_truncate_signed                  0x00000000   Number         0  stubs.o ABSOLUTE
    _printf_truncate_unsigned                0x00000000   Number         0  stubs.o ABSOLUTE
    _printf_u                                0x00000000   Number         0  stubs.o ABSOLUTE
    _printf_wc                               0x00000000   Number         0  stubs.o ABSOLUTE
    _printf_wctomb                           0x00000000   Number         0  stubs.o ABSOLUTE
    _printf_widthprec                        0x00000000   Number         0  stubs.o ABSOLUTE
    _printf_x                                0x00000000   Number         0  stubs.o ABSOLUTE
    __cpp_initialize__aeabi_                  - Undefined Weak Reference
    __cxa_finalize                            - Undefined Weak Reference
    __decompress                              - Undefined Weak Reference
    _clock_init                               - Undefined Weak Reference
    _microlib_exit                            - Undefined Weak Reference
    __Vectors_Size                           0x000000c0   Number         0  startup_stm32f072xb.o ABSOLUTE
    __Vectors                                0x08000000   Data           4  startup_stm32f072xb.o(RESET)
    __Vectors_End                            0x080000c0   Data           0  startup_stm32f072xb.o(RESET)
    __main                                   0x080000c1   Thumb Code     0  entry.o(.ARM.Collect$$$$00000000)
    _main_stk                                0x080000c1   Thumb Code     0  entry2.o(.ARM.Collect$$$$00000001)
    _main_scatterload                        0x080000c5   Thumb Code     0  entry5.o(.ARM.Collect$$$$00000004)
    __main_after_scatterload                 0x080000c9   Thumb Code     0  entry5.o(.ARM.Collect$$$$00000004)
    _main_clock                              0x080000c9   Thumb Code     0  entry7b.o(.ARM.Collect$$$$00000008)
    _main_cpp_init                           0x080000c9   Thumb Code     0  entry8b.o(.ARM.Collect$$$$0000000A)
    _main_init                               0x080000c9   Thumb Code     0  entry9a.o(.ARM.Collect$$$$0000000B)
    __rt_final_cpp                           0x080000d1   Thumb Code     0  entry10a.o(.ARM.Collect$$$$0000000D)
    __rt_final_exit                          0x080000d1   Thumb Code     0  entry11a.o(.ARM.Collect$$$$0000000F)
    __asm___6_port_c_39a90d8d__prvPortStartFirstTask 0x080000d5   Thumb Code    36  port.o(.emb_text)
    ulSetInterruptMaskFromISR                0x080000fd   Thumb Code     8  port.o(.emb_text)
    vClearInterruptMaskFromISR               0x08000105   Thumb Code     6  port.o(.emb_text)
    PendSV_Handler                           0x0800010b   Thumb Code    62  port.o(.emb_text)
    Reset_Handler                            0x0800014d   Thumb Code     8  startup_stm32f072xb.o(.text)
    ADC1_COMP_IRQHandler                     0x0800015f   Thumb Code     0  startup_stm32f072xb.o(.text)
    CEC_CAN_IRQHandler                       0x0800015f   Thumb Code     0  startup_stm32f072xb.o(.text)
    DMA1_Channel1_IRQHandler                 0x0800015f   Thumb Code     0  startup_stm32f072xb.o(.text)
    DMA1_Channel2_3_IRQHandler               0x0800015f   Thumb Code     0  startup_stm32f072xb.o(.text)
    DMA1_Channel4_5_6_7_IRQHandler           0x0800015f   Thumb Code     0  startup_stm32f072xb.o(.text)
    EXTI0_1_IRQHandler                       0x0800015f   Thumb Code     0  startup_stm32f072xb.o(.text)
    EXTI2_3_IRQHandler                       0x0800015f   Thumb Code     0  startup_stm32f072xb.o(.text)
    FLASH_IRQHandler                         0x0800015f   Thumb Code     0  startup_stm32f072xb.o(.text)
    I2C1_IRQHandler                          0x0800015f   Thumb Code     0  startup_stm32f072xb.o(.text)
    I2C2_IRQHandler                          0x0800015f   Thumb Code     0  startup_stm32f072xb.o(.text)
    PVD_VDDIO2_IRQHandler                    0x0800015f   Thumb Code     0  startup_stm32f072xb.o(.text)
    RCC_CRS_IRQHandler                       0x0800015f   Thumb Code     0  startup_stm32f072xb.o(.text)
    RTC_IRQHandler                           0x0800015f   Thumb Code     0  startup_stm32f072xb.o(.text)
    SPI1_IRQHandler                          0x0800015f   Thumb Code     0  startup_stm32f072xb.o(.text)
    SPI2_IRQHandler                          0x0800015f   Thumb Code     0  startup_stm32f072xb.o(.text)
    TIM14_IRQHandler                         0x0800015f   Thumb Code     0  startup_stm32f072xb.o(.text)
    TIM15_IRQHandler                         0x0800015f   Thumb Code     0  startup_stm32f072xb.o(.text)
    TIM16_IRQHandler                         0x0800015f   Thumb Code     0  startup_stm32f072xb.o(.text)
    TIM17_IRQHandler                         0x0800015f   Thumb Code     0  startup_stm32f072xb.o(.text)
    TIM1_CC_IRQHandler                       0x0800015f   Thumb Code     0  startup_stm32f072xb.o(.text)
    TIM2_IRQHandler                          0x0800015f   Thumb Code     0  startup_stm32f072xb.o(.text)
    TIM3_IRQHandler                          0x0800015f   Thumb Code     0  startup_stm32f072xb.o(.text)
    TIM6_DAC_IRQHandler                      0x0800015f   Thumb Code     0  startup_stm32f072xb.o(.text)
    TIM7_IRQHandler                          0x0800015f   Thumb Code     0  startup_stm32f072xb.o(.text)
    TSC_IRQHandler                           0x0800015f   Thumb Code     0  startup_stm32f072xb.o(.text)
    USART3_4_IRQHandler                      0x0800015f   Thumb Code     0  startup_stm32f072xb.o(.text)
    USB_IRQHandler                           0x0800015f   Thumb Code     0  startup_stm32f072xb.o(.text)
    WWDG_IRQHandler                          0x0800015f   Thumb Code     0  startup_stm32f072xb.o(.text)
    __aeabi_uidiv                            0x08000169   Thumb Code     0  uidiv.o(.text)
    __aeabi_uidivmod                         0x08000169   Thumb Code    44  uidiv.o(.text)
    __aeabi_uldivmod                         0x08000195   Thumb Code    96  uldiv.o(.text)
    __aeabi_llsr                             0x080001f5   Thumb Code    34  llushr.o(.text)
    _ll_ushift_r                             0x080001f5   Thumb Code     0  llushr.o(.text)
    __aeabi_memcpy                           0x08000217   Thumb Code    36  memcpya.o(.text)
    __aeabi_memcpy4                          0x08000217   Thumb Code     0  memcpya.o(.text)
    __aeabi_memcpy8                          0x08000217   Thumb Code     0  memcpya.o(.text)
    __aeabi_memset                           0x0800023b   Thumb Code    14  memseta.o(.text)
    __aeabi_memset4                          0x0800023b   Thumb Code     0  memseta.o(.text)
    __aeabi_memset8                          0x0800023b   Thumb Code     0  memseta.o(.text)
    __aeabi_memclr                           0x08000249   Thumb Code     4  memseta.o(.text)
    __aeabi_memclr4                          0x08000249   Thumb Code     0  memseta.o(.text)
    __aeabi_memclr8                          0x08000249   Thumb Code     0  memseta.o(.text)
    memset                                   0x0800024d   Thumb Code    18  memseta.o(.text)
    __aeabi_uread4                           0x0800025f   Thumb Code    20  uread4.o(.text)
    __rt_uread4                              0x0800025f   Thumb Code     0  uread4.o(.text)
    _uread4                                  0x0800025f   Thumb Code     0  uread4.o(.text)
    __aeabi_uwrite4                          0x08000273   Thumb Code    18  uwrite4.o(.text)
    __rt_uwrite4                             0x08000273   Thumb Code     0  uwrite4.o(.text)
    _uwrite4                                 0x08000273   Thumb Code     0  uwrite4.o(.text)
    __aeabi_fadd                             0x08000285   Thumb Code   162  fadd.o(.text)
    __aeabi_fsub                             0x08000327   Thumb Code     8  fadd.o(.text)
    __aeabi_frsub                            0x0800032f   Thumb Code     8  fadd.o(.text)
    __aeabi_fmul                             0x08000337   Thumb Code   122  fmul.o(.text)
    __aeabi_fdiv                             0x080003b1   Thumb Code   124  fdiv.o(.text)
    __aeabi_dadd                             0x0800042d   Thumb Code   328  dadd.o(.text)
    __aeabi_dsub                             0x08000575   Thumb Code    12  dadd.o(.text)
    __aeabi_drsub                            0x08000581   Thumb Code    12  dadd.o(.text)
    __aeabi_dmul                             0x08000591   Thumb Code   202  dmul.o(.text)
    __aeabi_i2f                              0x08000661   Thumb Code    22  fflti.o(.text)
    __aeabi_ui2f                             0x08000677   Thumb Code    14  ffltui.o(.text)
    __aeabi_ui2d                             0x08000685   Thumb Code    24  dfltui.o(.text)
    __aeabi_f2iz                             0x080006a1   Thumb Code    50  ffixi.o(.text)
    __aeabi_f2uiz                            0x080006d3   Thumb Code    40  ffixui.o(.text)
    __aeabi_f2d                              0x080006fb   Thumb Code    40  f2d.o(.text)
    __aeabi_cdrcmple                         0x08000725   Thumb Code    38  cdrcmple.o(.text)
    __aeabi_d2f                              0x0800074d   Thumb Code    56  d2f.o(.text)
    __aeabi_cfcmpeq                          0x08000785   Thumb Code     0  cfcmple.o(.text)
    __aeabi_cfcmple                          0x08000785   Thumb Code    20  cfcmple.o(.text)
    __aeabi_cfrcmple                         0x08000799   Thumb Code    20  cfrcmple.o(.text)
    __aeabi_llsl                             0x080007ad   Thumb Code    32  llshl.o(.text)
    _ll_shift_l                              0x080007ad   Thumb Code     0  llshl.o(.text)
    __aeabi_lasr                             0x080007cd   Thumb Code    38  llsshr.o(.text)
    _ll_sshift_r                             0x080007cd   Thumb Code     0  llsshr.o(.text)
    __I$use$fp                               0x080007f3   Thumb Code     0  iusefp.o(.text)
    _float_round                             0x080007f3   Thumb Code    16  fepilogue.o(.text)
    _float_epilogue                          0x08000803   Thumb Code   114  fepilogue.o(.text)
    _double_round                            0x08000875   Thumb Code    26  depilogue.o(.text)
    _double_epilogue                         0x0800088f   Thumb Code   164  depilogue.o(.text)
    __aeabi_ddiv                             0x08000935   Thumb Code   234  ddiv.o(.text)
    __aeabi_d2ulz                            0x08000a25   Thumb Code    54  dfixul.o(.text)
    __scatterload                            0x08000a65   Thumb Code    28  init.o(.text)
    __scatterload_rt2                        0x08000a65   Thumb Code     0  init.o(.text)
    EXTI4_15_IRQHandler                      0x08000a89   Thumb Code    16  stm32f0xx_it.o(i.EXTI4_15_IRQHandler)
    Error_Handler                            0x08000a9d   Thumb Code     6  main.o(i.Error_Handler)
    HAL_DMA_Abort                            0x08000aa3   Thumb Code    82  stm32f0xx_hal_dma.o(i.HAL_DMA_Abort)
    HAL_DMA_Abort_IT                         0x08000af5   Thumb Code    88  stm32f0xx_hal_dma.o(i.HAL_DMA_Abort_IT)
    HAL_Delay                                0x08000b4d   Thumb Code    38  stm32f0xx_hal.o(i.HAL_Delay)
    HAL_GPIO_EXTI_Callback                   0x08000b79   Thumb Code     2  stm32f0xx_hal_gpio.o(i.HAL_GPIO_EXTI_Callback)
    HAL_GPIO_EXTI_IRQHandler                 0x08000b7d   Thumb Code    26  stm32f0xx_hal_gpio.o(i.HAL_GPIO_EXTI_IRQHandler)
    HAL_GPIO_Init                            0x08000b9d   Thumb Code   480  stm32f0xx_hal_gpio.o(i.HAL_GPIO_Init)
    HAL_GPIO_WritePin                        0x08000d99   Thumb Code    12  stm32f0xx_hal_gpio.o(i.HAL_GPIO_WritePin)
    HAL_GetTick                              0x08000da5   Thumb Code     6  stm32f0xx_hal.o(i.HAL_GetTick)
    HAL_I2CEx_ConfigAnalogFilter             0x08000db1   Thumb Code   110  stm32f0xx_hal_i2c_ex.o(i.HAL_I2CEx_ConfigAnalogFilter)
    HAL_I2CEx_ConfigDigitalFilter            0x08000e1f   Thumb Code   112  stm32f0xx_hal_i2c_ex.o(i.HAL_I2CEx_ConfigDigitalFilter)
    HAL_I2C_Init                             0x08000e91   Thumb Code   232  stm32f0xx_hal_i2c.o(i.HAL_I2C_Init)
    HAL_I2C_IsDeviceReady                    0x08000f7d   Thumb Code   390  stm32f0xx_hal_i2c.o(i.HAL_I2C_IsDeviceReady)
    HAL_I2C_Master_Transmit                  0x08001105   Thumb Code   396  stm32f0xx_hal_i2c.o(i.HAL_I2C_Master_Transmit)
    HAL_I2C_Mem_Read                         0x08001299   Thumb Code   418  stm32f0xx_hal_i2c.o(i.HAL_I2C_Mem_Read)
    HAL_I2C_Mem_Write                        0x08001445   Thumb Code   414  stm32f0xx_hal_i2c.o(i.HAL_I2C_Mem_Write)
    HAL_I2C_MspInit                          0x080015e9   Thumb Code   118  i2c.o(i.HAL_I2C_MspInit)
    HAL_IncTick                              0x0800166d   Thumb Code    16  stm32f0xx_hal.o(i.HAL_IncTick)
    HAL_Init                                 0x08001685   Thumb Code    28  stm32f0xx_hal.o(i.HAL_Init)
    HAL_InitTick                             0x080016a5   Thumb Code   166  stm32f0xx_hal_timebase_tim.o(i.HAL_InitTick)
    HAL_MspInit                              0x08001765   Thumb Code    70  stm32f0xx_hal_msp.o(i.HAL_MspInit)
    HAL_NVIC_EnableIRQ                       0x080017b1   Thumb Code    22  stm32f0xx_hal_cortex.o(i.HAL_NVIC_EnableIRQ)
    HAL_NVIC_SetPriority                     0x080017cd   Thumb Code    18  stm32f0xx_hal_cortex.o(i.HAL_NVIC_SetPriority)
    HAL_RCCEx_PeriphCLKConfig                0x080017e1   Thumb Code   406  stm32f0xx_hal_rcc_ex.o(i.HAL_RCCEx_PeriphCLKConfig)
    HAL_RCC_ClockConfig                      0x08001985   Thumb Code   366  stm32f0xx_hal_rcc.o(i.HAL_RCC_ClockConfig)
    HAL_RCC_GetClockConfig                   0x08001b09   Thumb Code    48  stm32f0xx_hal_rcc.o(i.HAL_RCC_GetClockConfig)
    HAL_RCC_GetHCLKFreq                      0x08001b41   Thumb Code     6  stm32f0xx_hal_rcc.o(i.HAL_RCC_GetHCLKFreq)
    HAL_RCC_GetPCLK1Freq                     0x08001b4d   Thumb Code    26  stm32f0xx_hal_rcc.o(i.HAL_RCC_GetPCLK1Freq)
    HAL_RCC_GetSysClockFreq                  0x08001b71   Thumb Code   186  stm32f0xx_hal_rcc.o(i.HAL_RCC_GetSysClockFreq)
    HAL_RCC_OscConfig                        0x08001c41   Thumb Code  1592  stm32f0xx_hal_rcc.o(i.HAL_RCC_OscConfig)
    HAL_SPI_Init                             0x0800227d   Thumb Code   268  stm32f0xx_hal_spi.o(i.HAL_SPI_Init)
    HAL_SPI_MspInit                          0x08002389   Thumb Code   114  spi.o(i.HAL_SPI_MspInit)
    HAL_SPI_TransmitReceive                  0x08002405   Thumb Code   642  stm32f0xx_hal_spi.o(i.HAL_SPI_TransmitReceive)
    HAL_TIMEx_BreakCallback                  0x08002687   Thumb Code     2  stm32f0xx_hal_tim_ex.o(i.HAL_TIMEx_BreakCallback)
    HAL_TIMEx_CommutCallback                 0x08002689   Thumb Code     2  stm32f0xx_hal_tim_ex.o(i.HAL_TIMEx_CommutCallback)
    HAL_TIM_Base_Init                        0x0800268b   Thumb Code   100  stm32f0xx_hal_tim.o(i.HAL_TIM_Base_Init)
    HAL_TIM_Base_MspInit                     0x080026ef   Thumb Code     2  stm32f0xx_hal_tim.o(i.HAL_TIM_Base_MspInit)
    HAL_TIM_Base_Start_IT                    0x080026f1   Thumb Code   108  stm32f0xx_hal_tim.o(i.HAL_TIM_Base_Start_IT)
    HAL_TIM_IC_CaptureCallback               0x08002769   Thumb Code     2  stm32f0xx_hal_tim.o(i.HAL_TIM_IC_CaptureCallback)
    HAL_TIM_IRQHandler                       0x0800276b   Thumb Code   366  stm32f0xx_hal_tim.o(i.HAL_TIM_IRQHandler)
    HAL_TIM_OC_DelayElapsedCallback          0x080028d9   Thumb Code     2  stm32f0xx_hal_tim.o(i.HAL_TIM_OC_DelayElapsedCallback)
    HAL_TIM_PWM_PulseFinishedCallback        0x080028db   Thumb Code     2  stm32f0xx_hal_tim.o(i.HAL_TIM_PWM_PulseFinishedCallback)
    HAL_TIM_PeriodElapsedCallback            0x080028dd   Thumb Code    18  main.o(i.HAL_TIM_PeriodElapsedCallback)
    HAL_TIM_TriggerCallback                  0x080028f5   Thumb Code     2  stm32f0xx_hal_tim.o(i.HAL_TIM_TriggerCallback)
    HAL_UARTEx_RxEventCallback               0x080028f7   Thumb Code     2  stm32f0xx_hal_uart.o(i.HAL_UARTEx_RxEventCallback)
    HAL_UARTEx_WakeupCallback                0x080028f9   Thumb Code     2  stm32f0xx_hal_uart_ex.o(i.HAL_UARTEx_WakeupCallback)
    HAL_UART_ErrorCallback                   0x080028fb   Thumb Code     2  stm32f0xx_hal_uart.o(i.HAL_UART_ErrorCallback)
    HAL_UART_IRQHandler                      0x080028fd   Thumb Code   964  stm32f0xx_hal_uart.o(i.HAL_UART_IRQHandler)
    HAL_UART_Init                            0x08002ccd   Thumb Code   126  stm32f0xx_hal_uart.o(i.HAL_UART_Init)
    HAL_UART_MspInit                         0x08002d4d   Thumb Code   454  usart.o(i.HAL_UART_MspInit)
    HAL_UART_Receive_IT                      0x08002f2d   Thumb Code   126  stm32f0xx_hal_uart.o(i.HAL_UART_Receive_IT)
    HAL_UART_RxCpltCallback                  0x08002fad   Thumb Code    34  usart.o(i.HAL_UART_RxCpltCallback)
    HAL_UART_TxCpltCallback                  0x08002fe1   Thumb Code     2  stm32f0xx_hal_uart.o(i.HAL_UART_TxCpltCallback)
    HardFault_Handler                        0x08002fe3   Thumb Code     4  stm32f0xx_it.o(i.HardFault_Handler)
    MCP4725_All_Init                         0x08003405   Thumb Code    20  mcp4725.o(i.MCP4725_All_Init)
    MCP4725_Init                             0x0800341d   Thumb Code    20  mcp4725.o(i.MCP4725_Init)
    MCP4725_SetVoltage                       0x08003431   Thumb Code    72  mcp4725.o(i.MCP4725_SetVoltage)
    MP4201_Init                              0x0800347d   Thumb Code    90  mp4201.o(i.MP4201_Init)
    MP4201_R                                 0x080034dd   Thumb Code    16  freertos.o(i.MP4201_R)
    MP4201_ReadByte                          0x080034f1   Thumb Code    34  mp4201middleware.o(i.MP4201_ReadByte)
    MP4201_ReadWord                          0x08003519   Thumb Code    50  mp4201middleware.o(i.MP4201_ReadWord)
    MP4201_SET_FREQ                          0x08003551   Thumb Code    18  mcp4725.o(i.MP4201_SET_FREQ)
    MP4201_SET_MODE                          0x08003569   Thumb Code    18  mcp4725.o(i.MP4201_SET_MODE)
    MP4201_SendByte                          0x08003581   Thumb Code    26  mp4201middleware.o(i.MP4201_SendByte)
    MP4201_W                                 0x080035a1   Thumb Code    20  freertos.o(i.MP4201_W)
    MP4201_WriteByte                         0x080035bd   Thumb Code    38  mp4201middleware.o(i.MP4201_WriteByte)
    MP4201_WriteWord                         0x080035e9   Thumb Code    48  mp4201middleware.o(i.MP4201_WriteWord)
    MX_FREERTOS_Init                         0x0800361d   Thumb Code    60  freertos.o(i.MX_FREERTOS_Init)
    MX_GPIO_Init                             0x08003689   Thumb Code   254  gpio.o(i.MX_GPIO_Init)
    MX_I2C1_Init                             0x08003791   Thumb Code    80  i2c.o(i.MX_I2C1_Init)
    MX_SPI1_Init                             0x080037ed   Thumb Code    76  spi.o(i.MX_SPI1_Init)
    MX_USART1_UART_Init                      0x08003841   Thumb Code    58  usart.o(i.MX_USART1_UART_Init)
    MX_USART2_UART_Init                      0x08003885   Thumb Code    58  usart.o(i.MX_USART2_UART_Init)
    MX_USART3_UART_Init                      0x080038c9   Thumb Code    58  usart.o(i.MX_USART3_UART_Init)
    MX_USART4_UART_Init                      0x0800390d   Thumb Code    58  usart.o(i.MX_USART4_UART_Init)
    NMI_Handler                              0x08003951   Thumb Code     4  stm32f0xx_it.o(i.NMI_Handler)
    Reset_mp4201_MFR_CTRL1                   0x08003955   Thumb Code    24  mp4201driver.o(i.Reset_mp4201_MFR_CTRL1)
    SPI1_ReadWriteByte                       0x0800396d   Thumb Code    28  spi.o(i.SPI1_ReadWriteByte)
    SVC_Handler                              0x08003bd1   Thumb Code     2  port.o(i.SVC_Handler)
    Screen                                   0x08003bd3   Thumb Code    14  freertos.o(i.Screen)
    StartDefaultTask                         0x08003be1   Thumb Code    10  freertos.o(i.StartDefaultTask)
    SysTick_Handler                          0x08003bed   Thumb Code    32  port.o(i.SysTick_Handler)
    SystemClock_Config                       0x08003c11   Thumb Code   134  main.o(i.SystemClock_Config)
    SystemInit                               0x08003c97   Thumb Code     2  system_stm32f0xx.o(i.SystemInit)
    TIM1_BRK_UP_TRG_COM_IRQHandler           0x08003c99   Thumb Code    10  stm32f0xx_it.o(i.TIM1_BRK_UP_TRG_COM_IRQHandler)
    TIM_Base_SetConfig                       0x08003ca9   Thumb Code   168  stm32f0xx_hal_tim.o(i.TIM_Base_SetConfig)
    UART_AdvFeatureConfig                    0x08003d69   Thumb Code   240  stm32f0xx_hal_uart.o(i.UART_AdvFeatureConfig)
    UART_CheckIdleState                      0x08003e59   Thumb Code   252  stm32f0xx_hal_uart.o(i.UART_CheckIdleState)
    UART_RingBuffer_Write                    0x08004029   Thumb Code    82  usart.o(i.UART_RingBuffer_Write)
    UART_SetConfig                           0x080042c1   Thumb Code   464  stm32f0xx_hal_uart.o(i.UART_SetConfig)
    UART_Start_Receive_IT                    0x080044b1   Thumb Code   276  stm32f0xx_hal_uart.o(i.UART_Start_Receive_IT)
    UART_WaitOnFlagUntilTimeout              0x080045d1   Thumb Code   180  stm32f0xx_hal_uart.o(i.UART_WaitOnFlagUntilTimeout)
    USART1_IRQHandler                        0x08004685   Thumb Code    10  stm32f0xx_it.o(i.USART1_IRQHandler)
    USART2_IRQHandler                        0x08004695   Thumb Code    10  stm32f0xx_it.o(i.USART2_IRQHandler)
    W25QXX_Init                              0x080046a5   Thumb Code   102  w25qxx.o(i.W25QXX_Init)
    W25QXX_ReadID                            0x08004719   Thumb Code    74  w25qxx.o(i.W25QXX_ReadID)
    W25QXX_ReadSR                            0x08004763   Thumb Code    82  w25qxx.o(i.W25QXX_ReadSR)
    __0printf                                0x080047b5   Thumb Code    24  printfa.o(i.__0printf)
    __1printf                                0x080047b5   Thumb Code     0  printfa.o(i.__0printf)
    __2printf                                0x080047b5   Thumb Code     0  printfa.o(i.__0printf)
    __c89printf                              0x080047b5   Thumb Code     0  printfa.o(i.__0printf)
    printf                                   0x080047b5   Thumb Code     0  printfa.o(i.__0printf)
    __ARM_clz                                0x080047d5   Thumb Code    46  depilogue.o(i.__ARM_clz)
    __ARM_common_ll_muluu                    0x08004803   Thumb Code    48  stm32f0xx_hal_rcc.o(i.__ARM_common_ll_muluu)
    __ARM_common_switch8                     0x08004833   Thumb Code    28  stm32f0xx_hal_tim.o(i.__ARM_common_switch8)
    __scatterload_copy                       0x080048db   Thumb Code    14  handlers.o(i.__scatterload_copy)
    __scatterload_null                       0x080048e9   Thumb Code     2  handlers.o(i.__scatterload_null)
    __scatterload_zeroinit                   0x080048eb   Thumb Code    14  handlers.o(i.__scatterload_zeroinit)
    dataupdate                               0x080051ad   Thumb Code   502  screen.o(i.dataupdate)
    fputc                                    0x080053e9   Thumb Code    24  usart.o(i.fputc)
    get_MFR_OTP_configuration_code_info      0x08005405   Thumb Code    30  mp4201driver.o(i.get_MFR_OTP_configuration_code_info)
    get_MFR_OTP_revision_number_info         0x08005423   Thumb Code    30  mp4201driver.o(i.get_MFR_OTP_revision_number_info)
    get_mp4021_all_MFR_CTRL_info             0x08005441   Thumb Code    48  mp4201.o(i.get_mp4021_all_MFR_CTRL_info)
    get_mp4201_MFR_CTRL1_reg_info            0x08005471   Thumb Code   100  mp4201driver.o(i.get_mp4201_MFR_CTRL1_reg_info)
    get_mp4201_MFR_CTRL2_reg_info            0x080054d9   Thumb Code    62  mp4201driver.o(i.get_mp4201_MFR_CTRL2_reg_info)
    get_mp4201_MFR_CTRL3_reg_info            0x08005517   Thumb Code    90  mp4201driver.o(i.get_mp4201_MFR_CTRL3_reg_info)
    get_mp4201_MFR_CTRL4_reg_info            0x08005571   Thumb Code   104  mp4201driver.o(i.get_mp4201_MFR_CTRL4_reg_info)
    get_mp4201_MFR_CTRL5_reg_info            0x080055d9   Thumb Code    62  mp4201driver.o(i.get_mp4201_MFR_CTRL5_reg_info)
    get_mp4201_MFR_OCP_CTRL_reg_info         0x08005617   Thumb Code    62  mp4201driver.o(i.get_mp4201_MFR_OCP_CTRL_reg_info)
    get_mp4201_MFR_OVP_CTRL_reg_info         0x08005655   Thumb Code    76  mp4201driver.o(i.get_mp4201_MFR_OVP_CTRL_reg_info)
    get_mp4201_MFR_STATUS_MASK_reg_info      0x080056a1   Thumb Code   132  mp4201driver.o(i.get_mp4201_MFR_STATUS_MASK_reg_info)
    get_mp4201_OTP_info                      0x08005725   Thumb Code    18  mp4201.o(i.get_mp4201_OTP_info)
    get_mp4201_all_info                      0x08005737   Thumb Code    80  mp4201.o(i.get_mp4201_all_info)
    get_mp4201_all_read_data_info            0x08005789   Thumb Code   504  mp4201.o(i.get_mp4201_all_read_data_info)
    get_mp4201_status_info                   0x08005995   Thumb Code   236  mp4201driver.o(i.get_mp4201_status_info)
    get_mp4201_status_temperature_info       0x08005a81   Thumb Code    84  mp4201driver.o(i.get_mp4201_status_temperature_info)
    main                                     0x08005ad5   Thumb Code    98  main.o(i.main)
    mp4201_DEAD_Time_set                     0x08005b49   Thumb Code    34  mp4201driver.o(i.mp4201_DEAD_Time_set)
    mp4201_FB_Mode_set                       0x08005b71   Thumb Code    52  mp4201driver.o(i.mp4201_FB_Mode_set)
    mp4201_VOUT_OVP_enable_set               0x08005bad   Thumb Code    32  mp4201driver.o(i.mp4201_VOUT_OVP_enable_set)
    mp4201_clear_faults                      0x08005bcd   Thumb Code    54  mp4201driver.o(i.mp4201_clear_faults)
    mp4201_iout_oc_fault_limit_set           0x08005c05   Thumb Code    74  mp4201driver.o(i.mp4201_iout_oc_fault_limit_set)
    mp4201_operation_set                     0x08005c59   Thumb Code    22  mp4201driver.o(i.mp4201_operation_set)
    mp4201_read_battery_pre_charge_current_set 0x08005c71   Thumb Code    58  mp4201driver.o(i.mp4201_read_battery_pre_charge_current_set)
    mp4201_read_iin_oc_fault_limit_set       0x08005cb5   Thumb Code    48  mp4201driver.o(i.mp4201_read_iin_oc_fault_limit_set)
    mp4201_read_iout_oc_fault_limit_set      0x08005ce9   Thumb Code    48  mp4201driver.o(i.mp4201_read_iout_oc_fault_limit_set)
    mp4201_read_operation_status             0x08005d1d   Thumb Code    30  mp4201driver.o(i.mp4201_read_operation_status)
    mp4201_read_vin_reg_thld_set             0x08005d3d   Thumb Code   144  mp4201driver.o(i.mp4201_read_vin_reg_thld_set)
    mp4201_read_vout_set                     0x08005dd5   Thumb Code   162  mp4201driver.o(i.mp4201_read_vout_set)
    mp4201_vout_set                          0x08005e81   Thumb Code   232  mp4201driver.o(i.mp4201_vout_set)
    osDelay                                  0x08005f85   Thumb Code    50  cmsis_os2.o(i.osDelay)
    osKernelInitialize                       0x08005fbd   Thumb Code    58  cmsis_os2.o(i.osKernelInitialize)
    osKernelStart                            0x08005ffd   Thumb Code    62  cmsis_os2.o(i.osKernelStart)
    osThreadNew                              0x08006041   Thumb Code   228  cmsis_os2.o(i.osThreadNew)
    pvPortMalloc                             0x08006aad   Thumb Code   264  heap_4.o(i.pvPortMalloc)
    pxPortInitialiseStack                    0x08006bc9   Thumb Code    26  port.o(i.pxPortInitialiseStack)
    screen_update                            0x08006be9   Thumb Code   578  screen.o(i.screen_update)
    transfer_mp4201_MFR_CTRL1_reg            0x08007031   Thumb Code    86  mp4201driver.o(i.transfer_mp4201_MFR_CTRL1_reg)
    transfer_mp4201_MFR_OVP_CTRL_reg         0x08007091   Thumb Code    34  mp4201driver.o(i.transfer_mp4201_MFR_OVP_CTRL_reg)
    uxListRemove                             0x080070b3   Thumb Code    40  list.o(i.uxListRemove)
    vApplicationGetIdleTaskMemory            0x080070dd   Thumb Code    14  cmsis_os2.o(i.vApplicationGetIdleTaskMemory)
    vApplicationGetTimerTaskMemory           0x080070f5   Thumb Code    16  cmsis_os2.o(i.vApplicationGetTimerTaskMemory)
    vListInitialise                          0x0800710d   Thumb Code    26  list.o(i.vListInitialise)
    vListInitialiseItem                      0x08007127   Thumb Code     6  list.o(i.vListInitialiseItem)
    vListInsert                              0x0800712d   Thumb Code    54  list.o(i.vListInsert)
    vListInsertEnd                           0x08007163   Thumb Code    24  list.o(i.vListInsertEnd)
    vPortEnterCritical                       0x0800717d   Thumb Code    22  port.o(i.vPortEnterCritical)
    vPortExitCritical                        0x08007199   Thumb Code    36  port.o(i.vPortExitCritical)
    vPortFree                                0x080071c1   Thumb Code   120  heap_4.o(i.vPortFree)
    vPortYield                               0x08007241   Thumb Code    18  port.o(i.vPortYield)
    vQueueAddToRegistry                      0x08007259   Thumb Code    40  queue.o(i.vQueueAddToRegistry)
    vQueueWaitForMessageRestricted           0x08007285   Thumb Code    76  queue.o(i.vQueueWaitForMessageRestricted)
    vTaskDelay                               0x080072d1   Thumb Code    62  tasks.o(i.vTaskDelay)
    vTaskInternalSetTimeOutState             0x08007315   Thumb Code    14  tasks.o(i.vTaskInternalSetTimeOutState)
    vTaskMissedYield                         0x0800732d   Thumb Code     8  tasks.o(i.vTaskMissedYield)
    vTaskPlaceOnEventList                    0x08007339   Thumb Code    38  tasks.o(i.vTaskPlaceOnEventList)
    vTaskPlaceOnEventListRestricted          0x08007365   Thumb Code    48  tasks.o(i.vTaskPlaceOnEventListRestricted)
    vTaskStartScheduler                      0x08007399   Thumb Code   130  tasks.o(i.vTaskStartScheduler)
    vTaskSuspendAll                          0x08007439   Thumb Code    12  tasks.o(i.vTaskSuspendAll)
    vTaskSwitchContext                       0x08007449   Thumb Code   108  tasks.o(i.vTaskSwitchContext)
    write_mp4201_MFR_CTRL1_reg               0x080074c9   Thumb Code    26  mp4201driver.o(i.write_mp4201_MFR_CTRL1_reg)
    write_mp4201_MFR_OVP_CTRL_reg            0x080074e3   Thumb Code    26  mp4201driver.o(i.write_mp4201_MFR_OVP_CTRL_reg)
    xPortStartScheduler                      0x080074fd   Thumb Code    48  port.o(i.xPortStartScheduler)
    xQueueGenericCreateStatic                0x08007535   Thumb Code   158  queue.o(i.xQueueGenericCreateStatic)
    xQueueGenericReset                       0x080075d3   Thumb Code   130  queue.o(i.xQueueGenericReset)
    xQueueGenericSend                        0x08007655   Thumb Code   346  queue.o(i.xQueueGenericSend)
    xQueueGenericSendFromISR                 0x080077af   Thumb Code   188  queue.o(i.xQueueGenericSendFromISR)
    xQueueReceive                            0x0800786b   Thumb Code   312  queue.o(i.xQueueReceive)
    xTaskCheckForTimeOut                     0x080079a5   Thumb Code   106  tasks.o(i.xTaskCheckForTimeOut)
    xTaskCreate                              0x08007a19   Thumb Code    98  tasks.o(i.xTaskCreate)
    xTaskCreateStatic                        0x08007a7b   Thumb Code   134  tasks.o(i.xTaskCreateStatic)
    xTaskGetSchedulerState                   0x08007b01   Thumb Code    28  tasks.o(i.xTaskGetSchedulerState)
    xTaskGetTickCount                        0x08007b25   Thumb Code     6  tasks.o(i.xTaskGetTickCount)
    xTaskIncrementTick                       0x08007b31   Thumb Code   270  tasks.o(i.xTaskIncrementTick)
    xTaskPriorityDisinherit                  0x08007c6d   Thumb Code   124  tasks.o(i.xTaskPriorityDisinherit)
    xTaskRemoveFromEventList                 0x08007cf5   Thumb Code   112  tasks.o(i.xTaskRemoveFromEventList)
    xTaskResumeAll                           0x08007d7d   Thumb Code   206  tasks.o(i.xTaskResumeAll)
    xTimerCreateTimerTask                    0x08007e6d   Thumb Code    90  timers.o(i.xTimerCreateTimerTask)
    xTimerGenericCommand                     0x08007edd   Thumb Code   110  timers.o(i.xTimerGenericCommand)
    defaultTask_attributes                   0x08007f50   Data          36  freertos.o(.constdata)
    MP4201_R_task_attributes                 0x08007f74   Data          36  freertos.o(.constdata)
    MP4201_W_task_attributes                 0x08007f98   Data          36  freertos.o(.constdata)
    Screen_task_attributes                   0x08007fbc   Data          36  freertos.o(.constdata)
    AHBPrescTable                            0x08008000   Data          16  system_stm32f0xx.o(.constdata)
    APBPrescTable                            0x08008010   Data           8  system_stm32f0xx.o(.constdata)
    Region$$Table$$Base                      0x08008050   Number         0  anon$$obj.o(Region$$Table)
    Region$$Table$$Limit                     0x08008070   Number         0  anon$$obj.o(Region$$Table)
    fault_flag                               0x20000001   Data           1  main.o(.data)
    writebuffer                              0x20000002   Data           8  main.o(.data)
    readbuffer                               0x2000000a   Data           8  main.o(.data)
    vout_target                              0x20000014   Data           4  main.o(.data)
    text_tag                                 0x20000018   Data           4  main.o(.data)
    count                                    0x2000001c   Data           2  main.o(.data)
    defaultTaskHandle                        0x20000024   Data           4  freertos.o(.data)
    MP4201_R_taskHandle                      0x20000028   Data           4  freertos.o(.data)
    MP4201_W_taskHandle                      0x2000002c   Data           4  freertos.o(.data)
    Screen_taskHandle                        0x20000030   Data           4  freertos.o(.data)
    recv_index                               0x20000035   Data           1  usart.o(.data)
    recv_flag                                0x20000036   Data           1  usart.o(.data)
    tail_index                               0x20000037   Data           1  usart.o(.data)
    uwTick                                   0x20000038   Data           4  stm32f0xx_hal.o(.data)
    uwTickPrio                               0x2000003c   Data           4  stm32f0xx_hal.o(.data)
    uwTickFreq                               0x20000040   Data           1  stm32f0xx_hal.o(.data)
    SystemCoreClock                          0x20000044   Data           4  system_stm32f0xx.o(.data)
    W25QXX_TYPE                              0x20000048   Data           2  w25qxx.o(.data)
    MFR_CTRL1_REG_value                      0x2000004a   Data           1  mp4201driver.o(.data)
    MFR_CTRL1_reg_value                      0x2000004b   Data           1  mp4201driver.o(.data)
    SETV                                     0x20000050   Data           4  screen.o(.data)
    SETI                                     0x20000054   Data           4  screen.o(.data)
    temperature                              0x20000058   Data           4  screen.o(.data)
    Vin                                      0x2000005c   Data           4  screen.o(.data)
    Iin                                      0x20000060   Data           4  screen.o(.data)
    Pin                                      0x20000064   Data           4  screen.o(.data)
    Vout                                     0x20000068   Data           4  screen.o(.data)
    Iout                                     0x2000006c   Data           4  screen.o(.data)
    Pout                                     0x20000070   Data           4  screen.o(.data)
    OVP                                      0x20000074   Data           4  screen.o(.data)
    OCP                                      0x20000078   Data           4  screen.o(.data)
    Eff                                      0x2000007c   Data           4  screen.o(.data)
    OPEN                                     0x20000080   Data           1  screen.o(.data)
    CV_CC                                    0x20000081   Data           1  screen.o(.data)
    mode                                     0x20000084   Data           4  screen.o(.data)
    freq                                     0x20000088   Data           4  screen.o(.data)
    i                                        0x2000008c   Data           4  screen.o(.data)
    pxCurrentTCB                             0x20000090   Data           4  tasks.o(.data)
    __stdout                                 0x20000100   Data           4  stdout.o(.data)
    hi2c1                                    0x20000104   Data          84  i2c.o(.bss)
    hspi1                                    0x20000158   Data         100  spi.o(.bss)
    uart1_recv_frame                         0x200001bc   Data          32  usart.o(.bss)
    uart1_ring_buf                           0x200001dc   Data          64  usart.o(.bss)
    huart1                                   0x2000021c   Data         136  usart.o(.bss)
    huart2                                   0x200002a4   Data         136  usart.o(.bss)
    huart3                                   0x2000032c   Data         136  usart.o(.bss)
    huart4                                   0x200003b4   Data         136  usart.o(.bss)
    htim1                                    0x2000043c   Data          72  stm32f0xx_hal_timebase_tim.o(.bss)
    MP4201                                   0x20000484   Data         113  mp4201.o(.bss)
    xQueueRegistry                           0x200004f8   Data          64  queue.o(.bss)
    __initial_sp                             0x200021d0   Data           0  startup_stm32f072xb.o(STACK)



==============================================================================

Memory Map of the image

  Image Entry point : 0x080000c1

  Load Region LR_IROM1 (Base: 0x08000000, Size: 0x00008174, Max: 0x00010000, ABSOLUTE)

    Execution Region ER_IROM1 (Exec base: 0x08000000, Load base: 0x08000000, Size: 0x00008070, Max: 0x00010000, ABSOLUTE)

    Exec Addr    Load Addr    Size         Type   Attr      Idx    E Section Name        Object

    0x08000000   0x08000000   0x000000c0   Data   RO            3    RESET               startup_stm32f072xb.o
    0x080000c0   0x080000c0   0x00000000   Code   RO         6538  * .ARM.Collect$$$$00000000  mc_p.l(entry.o)
    0x080000c0   0x080000c0   0x00000004   Code   RO         6850    .ARM.Collect$$$$00000001  mc_p.l(entry2.o)
    0x080000c4   0x080000c4   0x00000004   Code   RO         6853    .ARM.Collect$$$$00000004  mc_p.l(entry5.o)
    0x080000c8   0x080000c8   0x00000000   Code   RO         6855    .ARM.Collect$$$$00000008  mc_p.l(entry7b.o)
    0x080000c8   0x080000c8   0x00000000   Code   RO         6857    .ARM.Collect$$$$0000000A  mc_p.l(entry8b.o)
    0x080000c8   0x080000c8   0x00000008   Code   RO         6858    .ARM.Collect$$$$0000000B  mc_p.l(entry9a.o)
    0x080000d0   0x080000d0   0x00000000   Code   RO         6860    .ARM.Collect$$$$0000000D  mc_p.l(entry10a.o)
    0x080000d0   0x080000d0   0x00000000   Code   RO         6862    .ARM.Collect$$$$0000000F  mc_p.l(entry11a.o)
    0x080000d0   0x080000d0   0x00000004   Code   RO         6851    .ARM.Collect$$$$00002712  mc_p.l(entry2.o)
    0x080000d4   0x080000d4   0x00000078   Code   RO         6468    .emb_text           port.o
    0x0800014c   0x0800014c   0x0000001c   Code   RO            4    .text               startup_stm32f072xb.o
    0x08000168   0x08000168   0x0000002c   Code   RO         6541    .text               mc_p.l(uidiv.o)
    0x08000194   0x08000194   0x00000060   Code   RO         6543    .text               mc_p.l(uldiv.o)
    0x080001f4   0x080001f4   0x00000022   Code   RO         6545    .text               mc_p.l(llushr.o)
    0x08000216   0x08000216   0x00000024   Code   RO         6547    .text               mc_p.l(memcpya.o)
    0x0800023a   0x0800023a   0x00000024   Code   RO         6551    .text               mc_p.l(memseta.o)
    0x0800025e   0x0800025e   0x00000014   Code   RO         6816    .text               mc_p.l(uread4.o)
    0x08000272   0x08000272   0x00000012   Code   RO         6818    .text               mc_p.l(uwrite4.o)
    0x08000284   0x08000284   0x000000b2   Code   RO         6820    .text               mf_p.l(fadd.o)
    0x08000336   0x08000336   0x0000007a   Code   RO         6822    .text               mf_p.l(fmul.o)
    0x080003b0   0x080003b0   0x0000007c   Code   RO         6824    .text               mf_p.l(fdiv.o)
    0x0800042c   0x0800042c   0x00000164   Code   RO         6826    .text               mf_p.l(dadd.o)
    0x08000590   0x08000590   0x000000d0   Code   RO         6828    .text               mf_p.l(dmul.o)
    0x08000660   0x08000660   0x00000016   Code   RO         6830    .text               mf_p.l(fflti.o)
    0x08000676   0x08000676   0x0000000e   Code   RO         6832    .text               mf_p.l(ffltui.o)
    0x08000684   0x08000684   0x0000001c   Code   RO         6834    .text               mf_p.l(dfltui.o)
    0x080006a0   0x080006a0   0x00000032   Code   RO         6836    .text               mf_p.l(ffixi.o)
    0x080006d2   0x080006d2   0x00000028   Code   RO         6838    .text               mf_p.l(ffixui.o)
    0x080006fa   0x080006fa   0x00000028   Code   RO         6840    .text               mf_p.l(f2d.o)
    0x08000722   0x08000722   0x00000002   PAD
    0x08000724   0x08000724   0x00000028   Code   RO         6842    .text               mf_p.l(cdrcmple.o)
    0x0800074c   0x0800074c   0x00000038   Code   RO         6844    .text               mf_p.l(d2f.o)
    0x08000784   0x08000784   0x00000014   Code   RO         6846    .text               mf_p.l(cfcmple.o)
    0x08000798   0x08000798   0x00000014   Code   RO         6848    .text               mf_p.l(cfrcmple.o)
    0x080007ac   0x080007ac   0x00000020   Code   RO         6865    .text               mc_p.l(llshl.o)
    0x080007cc   0x080007cc   0x00000026   Code   RO         6867    .text               mc_p.l(llsshr.o)
    0x080007f2   0x080007f2   0x00000000   Code   RO         6869    .text               mc_p.l(iusefp.o)
    0x080007f2   0x080007f2   0x00000082   Code   RO         6870    .text               mf_p.l(fepilogue.o)
    0x08000874   0x08000874   0x000000be   Code   RO         6872    .text               mf_p.l(depilogue.o)
    0x08000932   0x08000932   0x00000002   PAD
    0x08000934   0x08000934   0x000000f0   Code   RO         6876    .text               mf_p.l(ddiv.o)
    0x08000a24   0x08000a24   0x00000040   Code   RO         6878    .text               mf_p.l(dfixul.o)
    0x08000a64   0x08000a64   0x00000024   Code   RO         6880    .text               mc_p.l(init.o)
    0x08000a88   0x08000a88   0x00000014   Code   RO          479    i.EXTI4_15_IRQHandler  stm32f0xx_it.o
    0x08000a9c   0x08000a9c   0x00000006   Code   RO           12    i.Error_Handler     main.o
    0x08000aa2   0x08000aa2   0x00000052   Code   RO         2501    i.HAL_DMA_Abort     stm32f0xx_hal_dma.o
    0x08000af4   0x08000af4   0x00000058   Code   RO         2502    i.HAL_DMA_Abort_IT  stm32f0xx_hal_dma.o
    0x08000b4c   0x08000b4c   0x0000002c   Code   RO         1766    i.HAL_Delay         stm32f0xx_hal.o
    0x08000b78   0x08000b78   0x00000002   Code   RO         2438    i.HAL_GPIO_EXTI_Callback  stm32f0xx_hal_gpio.o
    0x08000b7a   0x08000b7a   0x00000002   PAD
    0x08000b7c   0x08000b7c   0x00000020   Code   RO         2439    i.HAL_GPIO_EXTI_IRQHandler  stm32f0xx_hal_gpio.o
    0x08000b9c   0x08000b9c   0x000001fc   Code   RO         2440    i.HAL_GPIO_Init     stm32f0xx_hal_gpio.o
    0x08000d98   0x08000d98   0x0000000c   Code   RO         2444    i.HAL_GPIO_WritePin  stm32f0xx_hal_gpio.o
    0x08000da4   0x08000da4   0x0000000c   Code   RO         1770    i.HAL_GetTick       stm32f0xx_hal.o
    0x08000db0   0x08000db0   0x0000006e   Code   RO         2387    i.HAL_I2CEx_ConfigAnalogFilter  stm32f0xx_hal_i2c_ex.o
    0x08000e1e   0x08000e1e   0x00000070   Code   RO         2388    i.HAL_I2CEx_ConfigDigitalFilter  stm32f0xx_hal_i2c_ex.o
    0x08000e8e   0x08000e8e   0x00000002   PAD
    0x08000e90   0x08000e90   0x000000ec   Code   RO         1930    i.HAL_I2C_Init      stm32f0xx_hal_i2c.o
    0x08000f7c   0x08000f7c   0x00000186   Code   RO         1931    i.HAL_I2C_IsDeviceReady  stm32f0xx_hal_i2c.o
    0x08001102   0x08001102   0x00000002   PAD
    0x08001104   0x08001104   0x00000194   Code   RO         1943    i.HAL_I2C_Master_Transmit  stm32f0xx_hal_i2c.o
    0x08001298   0x08001298   0x000001ac   Code   RO         1948    i.HAL_I2C_Mem_Read  stm32f0xx_hal_i2c.o
    0x08001444   0x08001444   0x000001a4   Code   RO         1951    i.HAL_I2C_Mem_Write  stm32f0xx_hal_i2c.o
    0x080015e8   0x080015e8   0x00000084   Code   RO          320    i.HAL_I2C_MspInit   i2c.o
    0x0800166c   0x0800166c   0x00000018   Code   RO         1776    i.HAL_IncTick       stm32f0xx_hal.o
    0x08001684   0x08001684   0x00000020   Code   RO         1777    i.HAL_Init          stm32f0xx_hal.o
    0x080016a4   0x080016a4   0x000000c0   Code   RO          553    i.HAL_InitTick      stm32f0xx_hal_timebase_tim.o
    0x08001764   0x08001764   0x0000004c   Code   RO          533    i.HAL_MspInit       stm32f0xx_hal_msp.o
    0x080017b0   0x080017b0   0x0000001c   Code   RO         2597    i.HAL_NVIC_EnableIRQ  stm32f0xx_hal_cortex.o
    0x080017cc   0x080017cc   0x00000012   Code   RO         2601    i.HAL_NVIC_SetPriority  stm32f0xx_hal_cortex.o
    0x080017de   0x080017de   0x00000002   PAD
    0x080017e0   0x080017e0   0x000001a4   Code   RO         1686    i.HAL_RCCEx_PeriphCLKConfig  stm32f0xx_hal_rcc_ex.o
    0x08001984   0x08001984   0x00000184   Code   RO         1581    i.HAL_RCC_ClockConfig  stm32f0xx_hal_rcc.o
    0x08001b08   0x08001b08   0x00000038   Code   RO         1585    i.HAL_RCC_GetClockConfig  stm32f0xx_hal_rcc.o
    0x08001b40   0x08001b40   0x0000000c   Code   RO         1586    i.HAL_RCC_GetHCLKFreq  stm32f0xx_hal_rcc.o
    0x08001b4c   0x08001b4c   0x00000024   Code   RO         1588    i.HAL_RCC_GetPCLK1Freq  stm32f0xx_hal_rcc.o
    0x08001b70   0x08001b70   0x000000d0   Code   RO         1589    i.HAL_RCC_GetSysClockFreq  stm32f0xx_hal_rcc.o
    0x08001c40   0x08001c40   0x0000063c   Code   RO         1592    i.HAL_RCC_OscConfig  stm32f0xx_hal_rcc.o
    0x0800227c   0x0800227c   0x0000010c   Code   RO         3123    i.HAL_SPI_Init      stm32f0xx_hal_spi.o
    0x08002388   0x08002388   0x0000007c   Code   RO          358    i.HAL_SPI_MspInit   spi.o
    0x08002404   0x08002404   0x00000282   Code   RO         3132    i.HAL_SPI_TransmitReceive  stm32f0xx_hal_spi.o
    0x08002686   0x08002686   0x00000002   Code   RO         1317    i.HAL_TIMEx_BreakCallback  stm32f0xx_hal_tim_ex.o
    0x08002688   0x08002688   0x00000002   Code   RO         1318    i.HAL_TIMEx_CommutCallback  stm32f0xx_hal_tim_ex.o
    0x0800268a   0x0800268a   0x00000064   Code   RO          604    i.HAL_TIM_Base_Init  stm32f0xx_hal_tim.o
    0x080026ee   0x080026ee   0x00000002   Code   RO          606    i.HAL_TIM_Base_MspInit  stm32f0xx_hal_tim.o
    0x080026f0   0x080026f0   0x00000078   Code   RO          609    i.HAL_TIM_Base_Start_IT  stm32f0xx_hal_tim.o
    0x08002768   0x08002768   0x00000002   Code   RO          638    i.HAL_TIM_IC_CaptureCallback  stm32f0xx_hal_tim.o
    0x0800276a   0x0800276a   0x0000016e   Code   RO          652    i.HAL_TIM_IRQHandler  stm32f0xx_hal_tim.o
    0x080028d8   0x080028d8   0x00000002   Code   RO          655    i.HAL_TIM_OC_DelayElapsedCallback  stm32f0xx_hal_tim.o
    0x080028da   0x080028da   0x00000002   Code   RO          682    i.HAL_TIM_PWM_PulseFinishedCallback  stm32f0xx_hal_tim.o
    0x080028dc   0x080028dc   0x00000018   Code   RO           13    i.HAL_TIM_PeriodElapsedCallback  main.o
    0x080028f4   0x080028f4   0x00000002   Code   RO          695    i.HAL_TIM_TriggerCallback  stm32f0xx_hal_tim.o
    0x080028f6   0x080028f6   0x00000002   Code   RO         3464    i.HAL_UARTEx_RxEventCallback  stm32f0xx_hal_uart.o
    0x080028f8   0x080028f8   0x00000002   Code   RO         3870    i.HAL_UARTEx_WakeupCallback  stm32f0xx_hal_uart_ex.o
    0x080028fa   0x080028fa   0x00000002   Code   RO         3480    i.HAL_UART_ErrorCallback  stm32f0xx_hal_uart.o
    0x080028fc   0x080028fc   0x000003d0   Code   RO         3483    i.HAL_UART_IRQHandler  stm32f0xx_hal_uart.o
    0x08002ccc   0x08002ccc   0x0000007e   Code   RO         3484    i.HAL_UART_Init     stm32f0xx_hal_uart.o
    0x08002d4a   0x08002d4a   0x00000002   PAD
    0x08002d4c   0x08002d4c   0x000001e0   Code   RO          402    i.HAL_UART_MspInit  usart.o
    0x08002f2c   0x08002f2c   0x0000007e   Code   RO         3489    i.HAL_UART_Receive_IT  stm32f0xx_hal_uart.o
    0x08002faa   0x08002faa   0x00000002   PAD
    0x08002fac   0x08002fac   0x00000034   Code   RO          403    i.HAL_UART_RxCpltCallback  usart.o
    0x08002fe0   0x08002fe0   0x00000002   Code   RO         3496    i.HAL_UART_TxCpltCallback  stm32f0xx_hal_uart.o
    0x08002fe2   0x08002fe2   0x00000004   Code   RO          480    i.HardFault_Handler  stm32f0xx_it.o
    0x08002fe6   0x08002fe6   0x00000032   Code   RO         1977    i.I2C_Flush_TXDR    stm32f0xx_hal_i2c.o
    0x08003018   0x08003018   0x0000015c   Code   RO         1985    i.I2C_IsErrorOccurred  stm32f0xx_hal_i2c.o
    0x08003174   0x08003174   0x00000080   Code   RO         1990    i.I2C_RequestMemoryRead  stm32f0xx_hal_i2c.o
    0x080031f4   0x080031f4   0x00000080   Code   RO         1991    i.I2C_RequestMemoryWrite  stm32f0xx_hal_i2c.o
    0x08003274   0x08003274   0x0000003c   Code   RO         1994    i.I2C_TransferConfig  stm32f0xx_hal_i2c.o
    0x080032b0   0x080032b0   0x0000007e   Code   RO         1996    i.I2C_WaitOnFlagUntilTimeout  stm32f0xx_hal_i2c.o
    0x0800332e   0x0800332e   0x00000066   Code   RO         1998    i.I2C_WaitOnSTOPFlagUntilTimeout  stm32f0xx_hal_i2c.o
    0x08003394   0x08003394   0x0000006e   Code   RO         1999    i.I2C_WaitOnTXISFlagUntilTimeout  stm32f0xx_hal_i2c.o
    0x08003402   0x08003402   0x00000002   PAD
    0x08003404   0x08003404   0x00000018   Code   RO         4833    i.MCP4725_All_Init  mcp4725.o
    0x0800341c   0x0800341c   0x00000014   Code   RO         4834    i.MCP4725_Init      mcp4725.o
    0x08003430   0x08003430   0x0000004c   Code   RO         4835    i.MCP4725_SetVoltage  mcp4725.o
    0x0800347c   0x0800347c   0x00000060   Code   RO         4094    i.MP4201_Init       mp4201.o
    0x080034dc   0x080034dc   0x00000014   Code   RO          252    i.MP4201_R          freertos.o
    0x080034f0   0x080034f0   0x00000028   Code   RO         4784    i.MP4201_ReadByte   mp4201middleware.o
    0x08003518   0x08003518   0x00000038   Code   RO         4785    i.MP4201_ReadWord   mp4201middleware.o
    0x08003550   0x08003550   0x00000018   Code   RO         4836    i.MP4201_SET_FREQ   mcp4725.o
    0x08003568   0x08003568   0x00000018   Code   RO         4837    i.MP4201_SET_MODE   mcp4725.o
    0x08003580   0x08003580   0x00000020   Code   RO         4786    i.MP4201_SendByte   mp4201middleware.o
    0x080035a0   0x080035a0   0x0000001c   Code   RO          253    i.MP4201_W          freertos.o
    0x080035bc   0x080035bc   0x0000002c   Code   RO         4787    i.MP4201_WriteByte  mp4201middleware.o
    0x080035e8   0x080035e8   0x00000034   Code   RO         4788    i.MP4201_WriteWord  mp4201middleware.o
    0x0800361c   0x0800361c   0x0000006c   Code   RO          254    i.MX_FREERTOS_Init  freertos.o
    0x08003688   0x08003688   0x00000108   Code   RO          228    i.MX_GPIO_Init      gpio.o
    0x08003790   0x08003790   0x0000005c   Code   RO          321    i.MX_I2C1_Init      i2c.o
    0x080037ec   0x080037ec   0x00000054   Code   RO          359    i.MX_SPI1_Init      spi.o
    0x08003840   0x08003840   0x00000044   Code   RO          404    i.MX_USART1_UART_Init  usart.o
    0x08003884   0x08003884   0x00000044   Code   RO          405    i.MX_USART2_UART_Init  usart.o
    0x080038c8   0x080038c8   0x00000044   Code   RO          406    i.MX_USART3_UART_Init  usart.o
    0x0800390c   0x0800390c   0x00000044   Code   RO          407    i.MX_USART4_UART_Init  usart.o
    0x08003950   0x08003950   0x00000004   Code   RO          481    i.NMI_Handler       stm32f0xx_it.o
    0x08003954   0x08003954   0x00000018   Code   RO         4151    i.Reset_mp4201_MFR_CTRL1  mp4201driver.o
    0x0800396c   0x0800396c   0x00000020   Code   RO          360    i.SPI1_ReadWriteByte  spi.o
    0x0800398c   0x0800398c   0x0000006a   Code   RO         3161    i.SPI_EndRxTxTransaction  stm32f0xx_hal_spi.o
    0x080039f6   0x080039f6   0x00000002   PAD
    0x080039f8   0x080039f8   0x000000fc   Code   RO         3166    i.SPI_WaitFifoStateUntilTimeout  stm32f0xx_hal_spi.o
    0x08003af4   0x08003af4   0x000000dc   Code   RO         3167    i.SPI_WaitFlagStateUntilTimeout  stm32f0xx_hal_spi.o
    0x08003bd0   0x08003bd0   0x00000002   Code   RO         6469    i.SVC_Handler       port.o
    0x08003bd2   0x08003bd2   0x0000000e   Code   RO          255    i.Screen            freertos.o
    0x08003be0   0x08003be0   0x0000000a   Code   RO          256    i.StartDefaultTask  freertos.o
    0x08003bea   0x08003bea   0x00000002   PAD
    0x08003bec   0x08003bec   0x00000024   Code   RO         6470    i.SysTick_Handler   port.o
    0x08003c10   0x08003c10   0x00000086   Code   RO           14    i.SystemClock_Config  main.o
    0x08003c96   0x08003c96   0x00000002   Code   RO         3951    i.SystemInit        system_stm32f0xx.o
    0x08003c98   0x08003c98   0x00000010   Code   RO          482    i.TIM1_BRK_UP_TRG_COM_IRQHandler  stm32f0xx_it.o
    0x08003ca8   0x08003ca8   0x000000c0   Code   RO          697    i.TIM_Base_SetConfig  stm32f0xx_hal_tim.o
    0x08003d68   0x08003d68   0x000000f0   Code   RO         3498    i.UART_AdvFeatureConfig  stm32f0xx_hal_uart.o
    0x08003e58   0x08003e58   0x00000100   Code   RO         3499    i.UART_CheckIdleState  stm32f0xx_hal_uart.o
    0x08003f58   0x08003f58   0x00000018   Code   RO         3500    i.UART_DMAAbortOnError  stm32f0xx_hal_uart.o
    0x08003f70   0x08003f70   0x00000080   Code   RO         3510    i.UART_EndRxTransfer  stm32f0xx_hal_uart.o
    0x08003ff0   0x08003ff0   0x00000036   Code   RO         3511    i.UART_EndTransmit_IT  stm32f0xx_hal_uart.o
    0x08004026   0x08004026   0x00000002   PAD
    0x08004028   0x08004028   0x00000064   Code   RO          408    i.UART_RingBuffer_Write  usart.o
    0x0800408c   0x0800408c   0x0000011a   Code   RO         3513    i.UART_RxISR_16BIT  stm32f0xx_hal_uart.o
    0x080041a6   0x080041a6   0x0000011a   Code   RO         3514    i.UART_RxISR_8BIT   stm32f0xx_hal_uart.o
    0x080042c0   0x080042c0   0x000001f0   Code   RO         3515    i.UART_SetConfig    stm32f0xx_hal_uart.o
    0x080044b0   0x080044b0   0x00000120   Code   RO         3517    i.UART_Start_Receive_IT  stm32f0xx_hal_uart.o
    0x080045d0   0x080045d0   0x000000b4   Code   RO         3520    i.UART_WaitOnFlagUntilTimeout  stm32f0xx_hal_uart.o
    0x08004684   0x08004684   0x00000010   Code   RO          483    i.USART1_IRQHandler  stm32f0xx_it.o
    0x08004694   0x08004694   0x00000010   Code   RO          484    i.USART2_IRQHandler  stm32f0xx_it.o
    0x080046a4   0x080046a4   0x00000074   Code   RO         3985    i.W25QXX_Init       w25qxx.o
    0x08004718   0x08004718   0x0000004a   Code   RO         3988    i.W25QXX_ReadID     w25qxx.o
    0x08004762   0x08004762   0x00000052   Code   RO         3989    i.W25QXX_ReadSR     w25qxx.o
    0x080047b4   0x080047b4   0x00000020   Code   RO         6788    i.__0printf         mc_p.l(printfa.o)
    0x080047d4   0x080047d4   0x0000002e   Code   RO         6874    i.__ARM_clz         mf_p.l(depilogue.o)
    0x08004802   0x08004802   0x00000030   Code   RO         1668    i.__ARM_common_ll_muluu  stm32f0xx_hal_rcc.o
    0x08004832   0x08004832   0x0000001c   Code   RO         1310    i.__ARM_common_switch8  stm32f0xx_hal_tim.o
    0x0800484e   0x0800484e   0x00000002   PAD
    0x08004850   0x08004850   0x00000078   Code   RO         2607    i.__NVIC_SetPriority  stm32f0xx_hal_cortex.o
    0x080048c8   0x080048c8   0x00000006   Code   RO         5991    i.__get_IPSR        cmsis_os2.o
    0x080048ce   0x080048ce   0x00000006   Code   RO         3521    i.__get_PRIMASK     stm32f0xx_hal_uart.o
    0x080048d4   0x080048d4   0x00000006   Code   RO         5992    i.__get_PRIMASK     cmsis_os2.o
    0x080048da   0x080048da   0x0000000e   Code   RO         6884    i.__scatterload_copy  mc_p.l(handlers.o)
    0x080048e8   0x080048e8   0x00000002   Code   RO         6885    i.__scatterload_null  mc_p.l(handlers.o)
    0x080048ea   0x080048ea   0x0000000e   Code   RO         6886    i.__scatterload_zeroinit  mc_p.l(handlers.o)
    0x080048f8   0x080048f8   0x00000006   Code   RO         3522    i.__set_PRIMASK     stm32f0xx_hal_uart.o
    0x080048fe   0x080048fe   0x00000002   PAD
    0x08004900   0x08004900   0x00000174   Code   RO         6795    i._fp_digits        mc_p.l(printfa.o)
    0x08004a74   0x08004a74   0x000006ec   Code   RO         6796    i._printf_core      mc_p.l(printfa.o)
    0x08005160   0x08005160   0x00000020   Code   RO         6797    i._printf_post_padding  mc_p.l(printfa.o)
    0x08005180   0x08005180   0x0000002c   Code   RO         6798    i._printf_pre_padding  mc_p.l(printfa.o)
    0x080051ac   0x080051ac   0x0000023c   Code   RO         4880    i.dataupdate        screen.o
    0x080053e8   0x080053e8   0x0000001c   Code   RO          409    i.fputc             usart.o
    0x08005404   0x08005404   0x0000001e   Code   RO         4160    i.get_MFR_OTP_configuration_code_info  mp4201driver.o
    0x08005422   0x08005422   0x0000001e   Code   RO         4161    i.get_MFR_OTP_revision_number_info  mp4201driver.o
    0x08005440   0x08005440   0x00000030   Code   RO         4095    i.get_mp4021_all_MFR_CTRL_info  mp4201.o
    0x08005470   0x08005470   0x00000068   Code   RO         4162    i.get_mp4201_MFR_CTRL1_reg_info  mp4201driver.o
    0x080054d8   0x080054d8   0x0000003e   Code   RO         4163    i.get_mp4201_MFR_CTRL2_reg_info  mp4201driver.o
    0x08005516   0x08005516   0x0000005a   Code   RO         4164    i.get_mp4201_MFR_CTRL3_reg_info  mp4201driver.o
    0x08005570   0x08005570   0x00000068   Code   RO         4165    i.get_mp4201_MFR_CTRL4_reg_info  mp4201driver.o
    0x080055d8   0x080055d8   0x0000003e   Code   RO         4166    i.get_mp4201_MFR_CTRL5_reg_info  mp4201driver.o
    0x08005616   0x08005616   0x0000003e   Code   RO         4167    i.get_mp4201_MFR_OCP_CTRL_reg_info  mp4201driver.o
    0x08005654   0x08005654   0x0000004c   Code   RO         4168    i.get_mp4201_MFR_OVP_CTRL_reg_info  mp4201driver.o
    0x080056a0   0x080056a0   0x00000084   Code   RO         4169    i.get_mp4201_MFR_STATUS_MASK_reg_info  mp4201driver.o
    0x08005724   0x08005724   0x00000012   Code   RO         4096    i.get_mp4201_OTP_info  mp4201.o
    0x08005736   0x08005736   0x00000050   Code   RO         4097    i.get_mp4201_all_info  mp4201.o
    0x08005786   0x08005786   0x00000002   PAD
    0x08005788   0x08005788   0x0000020c   Code   RO         4098    i.get_mp4201_all_read_data_info  mp4201.o
    0x08005994   0x08005994   0x000000ec   Code   RO         4179    i.get_mp4201_status_info  mp4201driver.o
    0x08005a80   0x08005a80   0x00000054   Code   RO         4180    i.get_mp4201_status_temperature_info  mp4201driver.o
    0x08005ad4   0x08005ad4   0x00000074   Code   RO           15    i.main              main.o
    0x08005b48   0x08005b48   0x00000028   Code   RO         4189    i.mp4201_DEAD_Time_set  mp4201driver.o
    0x08005b70   0x08005b70   0x0000003c   Code   RO         4192    i.mp4201_FB_Mode_set  mp4201driver.o
    0x08005bac   0x08005bac   0x00000020   Code   RO         4205    i.mp4201_VOUT_OVP_enable_set  mp4201driver.o
    0x08005bcc   0x08005bcc   0x00000036   Code   RO         4209    i.mp4201_clear_faults  mp4201driver.o
    0x08005c02   0x08005c02   0x00000002   PAD
    0x08005c04   0x08005c04   0x00000054   Code   RO         4216    i.mp4201_iout_oc_fault_limit_set  mp4201driver.o
    0x08005c58   0x08005c58   0x00000016   Code   RO         4219    i.mp4201_operation_set  mp4201driver.o
    0x08005c6e   0x08005c6e   0x00000002   PAD
    0x08005c70   0x08005c70   0x00000044   Code   RO         4221    i.mp4201_read_battery_pre_charge_current_set  mp4201driver.o
    0x08005cb4   0x08005cb4   0x00000034   Code   RO         4222    i.mp4201_read_iin_oc_fault_limit_set  mp4201driver.o
    0x08005ce8   0x08005ce8   0x00000034   Code   RO         4223    i.mp4201_read_iout_oc_fault_limit_set  mp4201driver.o
    0x08005d1c   0x08005d1c   0x0000001e   Code   RO         4224    i.mp4201_read_operation_status  mp4201driver.o
    0x08005d3a   0x08005d3a   0x00000002   PAD
    0x08005d3c   0x08005d3c   0x00000098   Code   RO         4225    i.mp4201_read_vin_reg_thld_set  mp4201driver.o
    0x08005dd4   0x08005dd4   0x000000ac   Code   RO         4226    i.mp4201_read_vout_set  mp4201driver.o
    0x08005e80   0x08005e80   0x00000104   Code   RO         4235    i.mp4201_vout_set   mp4201driver.o
    0x08005f84   0x08005f84   0x00000038   Code   RO         5993    i.osDelay           cmsis_os2.o
    0x08005fbc   0x08005fbc   0x00000040   Code   RO         6007    i.osKernelInitialize  cmsis_os2.o
    0x08005ffc   0x08005ffc   0x00000044   Code   RO         6010    i.osKernelStart     cmsis_os2.o
    0x08006040   0x08006040   0x000000e8   Code   RO         6044    i.osThreadNew       cmsis_os2.o
    0x08006128   0x08006128   0x0000007c   Code   RO         5479    i.prvAddCurrentTaskToDelayedList  tasks.o
    0x080061a4   0x080061a4   0x000000ac   Code   RO         5480    i.prvAddNewTaskToReadyList  tasks.o
    0x08006250   0x08006250   0x00000078   Code   RO         5840    i.prvCheckForValidListAndQueue  timers.o
    0x080062c8   0x080062c8   0x00000048   Code   RO         5481    i.prvCheckTasksWaitingTermination  tasks.o
    0x08006310   0x08006310   0x0000002c   Code   RO         5072    i.prvCopyDataFromQueue  queue.o
    0x0800633c   0x0800633c   0x00000080   Code   RO         5073    i.prvCopyDataToQueue  queue.o
    0x080063bc   0x080063bc   0x00000044   Code   RO         5482    i.prvDeleteTCB      tasks.o
    0x08006400   0x08006400   0x0000002c   Code   RO         5841    i.prvGetNextExpireTime  timers.o
    0x0800642c   0x0800642c   0x0000007c   Code   RO         6419    i.prvHeapInit       heap_4.o
    0x080064a8   0x080064a8   0x00000018   Code   RO         5483    i.prvIdleTask       tasks.o
    0x080064c0   0x080064c0   0x0000002c   Code   RO         5076    i.prvInitialiseNewQueue  queue.o
    0x080064ec   0x080064ec   0x000000b0   Code   RO         5484    i.prvInitialiseNewTask  tasks.o
    0x0800659c   0x0800659c   0x00000064   Code   RO         5485    i.prvInitialiseTaskLists  tasks.o
    0x08006600   0x08006600   0x00000068   Code   RO         6420    i.prvInsertBlockIntoFreeList  heap_4.o
    0x08006668   0x08006668   0x00000054   Code   RO         5843    i.prvInsertTimerInActiveList  timers.o
    0x080066bc   0x080066bc   0x0000001c   Code   RO         5077    i.prvIsQueueEmpty   queue.o
    0x080066d8   0x080066d8   0x0000001e   Code   RO         5078    i.prvIsQueueFull    queue.o
    0x080066f6   0x080066f6   0x00000002   PAD
    0x080066f8   0x080066f8   0x00000058   Code   RO         5844    i.prvProcessExpiredTimer  timers.o
    0x08006750   0x08006750   0x00000104   Code   RO         5845    i.prvProcessReceivedCommands  timers.o
    0x08006854   0x08006854   0x0000006c   Code   RO         5846    i.prvProcessTimerOrBlockTask  timers.o
    0x080068c0   0x080068c0   0x00000038   Code   RO         5487    i.prvResetNextTaskUnblockTime  tasks.o
    0x080068f8   0x080068f8   0x0000002c   Code   RO         5847    i.prvSampleTimeNow  timers.o
    0x08006924   0x08006924   0x0000002c   Code   RO         6471    i.prvSetupTimerInterrupt  port.o
    0x08006950   0x08006950   0x00000090   Code   RO         5848    i.prvSwitchTimerLists  timers.o
    0x080069e0   0x080069e0   0x00000024   Code   RO         6472    i.prvTaskExitError  port.o
    0x08006a04   0x08006a04   0x0000001a   Code   RO         5849    i.prvTimerTask      timers.o
    0x08006a1e   0x08006a1e   0x0000008e   Code   RO         5079    i.prvUnlockQueue    queue.o
    0x08006aac   0x08006aac   0x0000011c   Code   RO         6421    i.pvPortMalloc      heap_4.o
    0x08006bc8   0x08006bc8   0x00000020   Code   RO         6473    i.pxPortInitialiseStack  port.o
    0x08006be8   0x08006be8   0x00000448   Code   RO         4881    i.screen_update     screen.o
    0x08007030   0x08007030   0x00000060   Code   RO         4237    i.transfer_mp4201_MFR_CTRL1_reg  mp4201driver.o
    0x08007090   0x08007090   0x00000022   Code   RO         4243    i.transfer_mp4201_MFR_OVP_CTRL_reg  mp4201driver.o
    0x080070b2   0x080070b2   0x00000028   Code   RO         5035    i.uxListRemove      list.o
    0x080070da   0x080070da   0x00000002   PAD
    0x080070dc   0x080070dc   0x00000018   Code   RO         6056    i.vApplicationGetIdleTaskMemory  cmsis_os2.o
    0x080070f4   0x080070f4   0x00000018   Code   RO         6057    i.vApplicationGetTimerTaskMemory  cmsis_os2.o
    0x0800710c   0x0800710c   0x0000001a   Code   RO         5036    i.vListInitialise   list.o
    0x08007126   0x08007126   0x00000006   Code   RO         5037    i.vListInitialiseItem  list.o
    0x0800712c   0x0800712c   0x00000036   Code   RO         5038    i.vListInsert       list.o
    0x08007162   0x08007162   0x00000018   Code   RO         5039    i.vListInsertEnd    list.o
    0x0800717a   0x0800717a   0x00000002   PAD
    0x0800717c   0x0800717c   0x0000001c   Code   RO         6475    i.vPortEnterCritical  port.o
    0x08007198   0x08007198   0x00000028   Code   RO         6476    i.vPortExitCritical  port.o
    0x080071c0   0x080071c0   0x00000080   Code   RO         6422    i.vPortFree         heap_4.o
    0x08007240   0x08007240   0x00000018   Code   RO         6477    i.vPortYield        port.o
    0x08007258   0x08007258   0x0000002c   Code   RO         5085    i.vQueueAddToRegistry  queue.o
    0x08007284   0x08007284   0x0000004c   Code   RO         5089    i.vQueueWaitForMessageRestricted  queue.o
    0x080072d0   0x080072d0   0x00000044   Code   RO         5499    i.vTaskDelay        tasks.o
    0x08007314   0x08007314   0x00000018   Code   RO         5504    i.vTaskInternalSetTimeOutState  tasks.o
    0x0800732c   0x0800732c   0x0000000c   Code   RO         5505    i.vTaskMissedYield  tasks.o
    0x08007338   0x08007338   0x0000002c   Code   RO         5507    i.vTaskPlaceOnEventList  tasks.o
    0x08007364   0x08007364   0x00000034   Code   RO         5508    i.vTaskPlaceOnEventListRestricted  tasks.o
    0x08007398   0x08007398   0x000000a0   Code   RO         5516    i.vTaskStartScheduler  tasks.o
    0x08007438   0x08007438   0x00000010   Code   RO         5518    i.vTaskSuspendAll   tasks.o
    0x08007448   0x08007448   0x00000080   Code   RO         5519    i.vTaskSwitchContext  tasks.o
    0x080074c8   0x080074c8   0x0000001a   Code   RO         4245    i.write_mp4201_MFR_CTRL1_reg  mp4201driver.o
    0x080074e2   0x080074e2   0x0000001a   Code   RO         4251    i.write_mp4201_MFR_OVP_CTRL_reg  mp4201driver.o
    0x080074fc   0x080074fc   0x00000038   Code   RO         6478    i.xPortStartScheduler  port.o
    0x08007534   0x08007534   0x0000009e   Code   RO         5095    i.xQueueGenericCreateStatic  queue.o
    0x080075d2   0x080075d2   0x00000082   Code   RO         5096    i.xQueueGenericReset  queue.o
    0x08007654   0x08007654   0x0000015a   Code   RO         5097    i.xQueueGenericSend  queue.o
    0x080077ae   0x080077ae   0x000000bc   Code   RO         5098    i.xQueueGenericSendFromISR  queue.o
    0x0800786a   0x0800786a   0x00000138   Code   RO         5107    i.xQueueReceive     queue.o
    0x080079a2   0x080079a2   0x00000002   PAD
    0x080079a4   0x080079a4   0x00000074   Code   RO         5520    i.xTaskCheckForTimeOut  tasks.o
    0x08007a18   0x08007a18   0x00000062   Code   RO         5521    i.xTaskCreate       tasks.o
    0x08007a7a   0x08007a7a   0x00000086   Code   RO         5522    i.xTaskCreateStatic  tasks.o
    0x08007b00   0x08007b00   0x00000024   Code   RO         5526    i.xTaskGetSchedulerState  tasks.o
    0x08007b24   0x08007b24   0x0000000c   Code   RO         5527    i.xTaskGetTickCount  tasks.o
    0x08007b30   0x08007b30   0x0000013c   Code   RO         5529    i.xTaskIncrementTick  tasks.o
    0x08007c6c   0x08007c6c   0x00000088   Code   RO         5532    i.xTaskPriorityDisinherit  tasks.o
    0x08007cf4   0x08007cf4   0x00000088   Code   RO         5534    i.xTaskRemoveFromEventList  tasks.o
    0x08007d7c   0x08007d7c   0x000000f0   Code   RO         5535    i.xTaskResumeAll    tasks.o
    0x08007e6c   0x08007e6c   0x00000070   Code   RO         5856    i.xTimerCreateTimerTask  timers.o
    0x08007edc   0x08007edc   0x00000074   Code   RO         5857    i.xTimerGenericCommand  timers.o
    0x08007f50   0x08007f50   0x00000090   Data   RO          257    .constdata          freertos.o
    0x08007fe0   0x08007fe0   0x00000020   Data   RO         1593    .constdata          stm32f0xx_hal_rcc.o
    0x08008000   0x08008000   0x00000018   Data   RO         3952    .constdata          system_stm32f0xx.o
    0x08008018   0x08008018   0x00000038   Data   RO          258    .conststring        freertos.o
    0x08008050   0x08008050   0x00000020   Data   RO         6882    Region$$Table       anon$$obj.o


    Execution Region RW_IRAM1 (Exec base: 0x20000000, Load base: 0x08008070, Size: 0x000021d0, Max: 0x00004000, ABSOLUTE)

    Exec Addr    Load Addr    Size         Type   Attr      Idx    E Section Name        Object

    0x20000000   0x08008070   0x0000001e   Data   RW           17    .data               main.o
    0x2000001e   0x0800808e   0x00000002   PAD
    0x20000020   0x08008090   0x00000014   Data   RW          259    .data               freertos.o
    0x20000034   0x080080a4   0x00000004   Data   RW          411    .data               usart.o
    0x20000038   0x080080a8   0x00000009   Data   RW         1784    .data               stm32f0xx_hal.o
    0x20000041   0x080080b1   0x00000003   PAD
    0x20000044   0x080080b4   0x00000004   Data   RW         3953    .data               system_stm32f0xx.o
    0x20000048   0x080080b8   0x00000002   Data   RW         3999    .data               w25qxx.o
    0x2000004a   0x080080ba   0x00000002   Data   RW         4253    .data               mp4201driver.o
    0x2000004c   0x080080bc   0x00000044   Data   RW         4882    .data               screen.o
    0x20000090   0x08008100   0x0000003c   Data   RW         5538    .data               tasks.o
    0x200000cc   0x0800813c   0x00000014   Data   RW         5865    .data               timers.o
    0x200000e0   0x08008150   0x00000004   Data   RW         6059    .data               cmsis_os2.o
    0x200000e4   0x08008154   0x00000018   Data   RW         6427    .data               heap_4.o
    0x200000fc   0x0800816c   0x00000004   Data   RW         6479    .data               port.o
    0x20000100   0x08008170   0x00000004   Data   RW         6864    .data               mc_p.l(stdout.o)
    0x20000104        -       0x00000054   Zero   RW          322    .bss                i2c.o
    0x20000158        -       0x00000064   Zero   RW          361    .bss                spi.o
    0x200001bc        -       0x00000280   Zero   RW          410    .bss                usart.o
    0x2000043c        -       0x00000048   Zero   RW          556    .bss                stm32f0xx_hal_timebase_tim.o
    0x20000484        -       0x00000071   Zero   RW         4100    .bss                mp4201.o
    0x200004f5   0x08008174   0x00000003   PAD
    0x200004f8        -       0x00000040   Zero   RW         5111    .bss                queue.o
    0x20000538        -       0x000004c4   Zero   RW         5537    .bss                tasks.o
    0x200009fc        -       0x00000118   Zero   RW         5864    .bss                timers.o
    0x20000b14        -       0x000006b8   Zero   RW         6058    .bss                cmsis_os2.o
    0x200011cc        -       0x00000c00   Zero   RW         6426    .bss                heap_4.o
    0x20001dcc   0x08008174   0x00000004   PAD
    0x20001dd0        -       0x00000400   Zero   RW            1    STACK               startup_stm32f072xb.o


==============================================================================

Image component sizes


      Code (inc. data)   RO Data    RW Data    ZI Data      Debug   Object Name

       480         40          0          4       1720      13050   cmsis_os2.o
         0          0          0          0          0      12500   event_groups.o
       180         60        200         20          0       8750   freertos.o
       264         10          0          0          0        887   gpio.o
       640         60          0         24       3072       4339   heap_4.o
       224         26          0          0         84       1497   i2c.o
       150          0          0          0          0       3238   list.o
       280         24          0         30          0     527566   main.o
       168         20          0          0          0       2899   mcp4725.o
       766         26          0          0        113       8712   mp4201.o
      2356        102          0          2          0      22989   mp4201driver.o
       224         28          0          0          0       3256   mp4201middleware.o
       418         58          0          4          0       6956   port.o
      1670          4          0          0         64      15620   queue.o
      1668        588          0         68          0       1875   screen.o
       240         22          0          0        100       1986   spi.o
        28          8        192          0       1024        604   startup_stm32f072xb.o
       112         24          0          9          0       7710   stm32f0xx_hal.o
       166         16          0          0          0       9512   stm32f0xx_hal_cortex.o
       170          0          0          0          0       1583   stm32f0xx_hal_dma.o
       554         34          0          0          0       3008   stm32f0xx_hal_gpio.o
      2930         44          0          0          0      13664   stm32f0xx_hal_i2c.o
       222          0          0          0          0       1819   stm32f0xx_hal_i2c_ex.o
        76          6          0          0          0        754   stm32f0xx_hal_msp.o
      2344         84         32          0          0       5690   stm32f0xx_hal_rcc.o
       420         14          0          0          0       1484   stm32f0xx_hal_rcc_ex.o
      1488         12          0          0          0       5541   stm32f0xx_hal_spi.o
       816         36          0          0          0       6086   stm32f0xx_hal_tim.o
         4          0          0          0          0       1465   stm32f0xx_hal_tim_ex.o
       192         26          0          0         72       1371   stm32f0xx_hal_timebase_tim.o
      3476         60          0          0          0      17297   stm32f0xx_hal_uart.o
         2          0          0          0          0        908   stm32f0xx_hal_uart_ex.o
        76         22          0          0          0       2505   stm32f0xx_it.o
         0          0          0          0          0       8968   stream_buffer.o
         2          0         24          4          0       1019   system_stm32f0xx.o
      2520        332          0         60       1220      21518   tasks.o
      1146        122          0         20        280       9659   timers.o
       932        106          0          4        640       5155   usart.o
       272         14          0          2          0       2078   w25qxx.o

    ----------------------------------------------------------------------
     27716       2028        480        256       8396     765518   Object Totals
         0          0         32          0          0          0   (incl. Generated)
        40          0          0          5          7          0   (incl. Padding)

    ----------------------------------------------------------------------

      Code (inc. data)   RO Data    RW Data    ZI Data      Debug   Library Member Name

         0          0          0          0          0          0   entry.o
         0          0          0          0          0          0   entry10a.o
         0          0          0          0          0          0   entry11a.o
         8          4          0          0          0          0   entry2.o
         4          0          0          0          0          0   entry5.o
         0          0          0          0          0          0   entry7b.o
         0          0          0          0          0          0   entry8b.o
         8          4          0          0          0          0   entry9a.o
        30          0          0          0          0          0   handlers.o
        36          8          0          0          0         68   init.o
         0          0          0          0          0          0   iusefp.o
        32          0          0          0          0         68   llshl.o
        38          0          0          0          0         68   llsshr.o
        34          0          0          0          0         68   llushr.o
        36          0          0          0          0         60   memcpya.o
        36          0          0          0          0        100   memseta.o
      2252         98          0          0          0        412   printfa.o
         0          0          0          4          0          0   stdout.o
        44          0          0          0          0         72   uidiv.o
        96          0          0          0          0         84   uldiv.o
        20          0          0          0          0         60   uread4.o
        18          0          0          0          0         60   uwrite4.o
        40          2          0          0          0         68   cdrcmple.o
        20          0          0          0          0         68   cfcmple.o
        20          0          0          0          0         68   cfrcmple.o
        56          0          0          0          0         68   d2f.o
       356          4          0          0          0        140   dadd.o
       240          6          0          0          0         84   ddiv.o
       236          0          0          0          0        216   depilogue.o
        64         10          0          0          0         68   dfixul.o
        28          4          0          0          0         68   dfltui.o
       208          6          0          0          0         88   dmul.o
        40          0          0          0          0         60   f2d.o
       178          0          0          0          0        108   fadd.o
       124          0          0          0          0         72   fdiv.o
       130          0          0          0          0        144   fepilogue.o
        50          0          0          0          0         60   ffixi.o
        40          0          0          0          0         60   ffixui.o
        22          0          0          0          0         68   fflti.o
        14          0          0          0          0         68   ffltui.o
       122          0          0          0          0         72   fmul.o

    ----------------------------------------------------------------------
      4684        146          0          4          0       2768   Library Totals
         4          0          0          0          0          0   (incl. Padding)

    ----------------------------------------------------------------------

      Code (inc. data)   RO Data    RW Data    ZI Data      Debug   Library Name

      2692        114          0          4          0       1120   mc_p.l
      1988         32          0          0          0       1648   mf_p.l

    ----------------------------------------------------------------------
      4684        146          0          4          0       2768   Library Totals

    ----------------------------------------------------------------------

==============================================================================


      Code (inc. data)   RO Data    RW Data    ZI Data      Debug   

     32400       2174        480        260       8396     757054   Grand Totals
     32400       2174        480        260       8396     757054   ELF Image Totals
     32400       2174        480        260          0          0   ROM Totals

==============================================================================

    Total RO  Size (Code + RO Data)                32880 (  32.11kB)
    Total RW  Size (RW Data + ZI Data)              8656 (   8.45kB)
    Total ROM Size (Code + RO Data + RW Data)      33140 (  32.36kB)

==============================================================================

