<html>
<body>
<pre>
<h1>µVision Build Log</h1>
<h2>Tool Versions:</h2>
IDE-Version: ¦ÌVision V5.39.0.0
Copyright (C) 2023 ARM Ltd and ARM Germany GmbH. All rights reserved.
License Information: 1 11, 1, LIC=32B1Q-NYGJF-45FT5-G9G03-SH4EE-BM8HR
 
Tool Versions:
Toolchain:       MDK-ARM Plus  Version: 5.39.0.0
Toolchain Path:  C:\Keil_v5\ARM\ARMCOMPLIER506\Bin
C Compiler:      Armcc.exe V5.06 update 7 (build 960)
Assembler:       Armasm.exe V5.06 update 7 (build 960)
Linker/Locator:  ArmLink.exe V5.06 update 7 (build 960)
Library Manager: ArmAr.exe V5.06 update 7 (build 960)
Hex Converter:   FromElf.exe V5.06 update 7 (build 960)
CPU DLL:         SARMCM3.DLL V5.39.0.0
Dialog DLL:      DARMCM1.DLL V1.19.6.0
Target DLL:      STLink\ST-LINKIII-KEIL_SWO.dll V3.2.0.0
Dialog DLL:      TARMCM1.DLL V1.14.6.0
 
<h2>Project:</h2>
C:\Users\Catal\Desktop\MP4201\MDK-ARM\STM32F072C8T6.uvprojx
Project File Date:  12/07/2025

<h2>Output:</h2>
*** Using Compiler 'V5.06 update 7 (build 960)', folder: 'C:\Keil_v5\ARM\ARMCOMPLIER506\Bin'
Rebuild target 'STM32F072C8T6'
assembling startup_stm32f072xb.s...
compiling stm32f0xx_it.c...
compiling stm32f0xx_hal_usart.c...
compiling spi.c...
compiling stm32f0xx_hal_timebase_tim.c...
compiling stm32f0xx_hal_msp.c...
compiling i2c.c...
compiling gpio.c...
compiling usart.c...
compiling freertos.c...
compiling main.c...
compiling stm32f0xx_hal_tim_ex.c...
compiling stm32f0xx_hal_tim.c...
compiling stm32f0xx_hal_pwr_ex.c...
compiling stm32f0xx_hal_pwr.c...
compiling stm32f0xx_hal_gpio.c...
compiling stm32f0xx_hal_cortex.c...
compiling stm32f0xx_hal_flash.c...
compiling stm32f0xx_hal_rcc_ex.c...
compiling stm32f0xx_hal_i2c_ex.c...
compiling stm32f0xx_hal.c...
compiling stm32f0xx_hal_flash_ex.c...
compiling stm32f0xx_hal_dma.c...
compiling stm32f0xx_hal_rcc.c...
compiling stm32f0xx_hal_i2c.c...
compiling MP4201Middleware.c...
compiling MCP4725.c...
compiling Kalman_Filter.c...
compiling w25qxx.c...
compiling system_stm32f0xx.c...
compiling screen.c...
compiling croutine.c...
compiling MP4201.c...
compiling stm32f0xx_hal_exti.c...
compiling list.c...
compiling event_groups.c...
compiling stm32f0xx_hal_uart_ex.c...
compiling stm32f0xx_hal_spi_ex.c...
compiling stream_buffer.c...
compiling queue.c...
compiling tasks.c...
compiling heap_4.c...
compiling timers.c...
compiling MP4201Driver.c...
compiling stm32f0xx_hal_spi.c...
compiling port.c...
compiling stm32f0xx_hal_uart.c...
compiling cmsis_os2.c...
linking...
Program Size: Code=33676 RO-data=480 RW-data=276 ZI-data=9196  
FromELF: creating hex file...
"STM32F072C8T6\STM32F072C8T6.axf" - 0 Error(s), 0 Warning(s).

<h2>Software Packages used:</h2>

Package Vendor: ARM
                http://www.keil.com/pack/ARM.CMSIS.5.9.0.pack
                ARM::CMSIS@5.9.0
                CMSIS (Common Microcontroller Software Interface Standard)
   * Component: CORE Version: 5.6.0

Package Vendor: Keil
                https://www.keil.com/pack/Keil.STM32F0xx_DFP.3.1.1.pack
                Keil::STM32F0xx_DFP@3.1.1
                STMicroelectronics STM32F0 Series Device Support

<h2>Collection of Component include folders:</h2>
  ./RTE/_STM32F072C8T6
  C:/Users/Catal/AppData/Local/Arm/Packs/ARM/CMSIS/5.9.0/CMSIS/Core/Include

<h2>Collection of Component Files used:</h2>

   * Component: ARM::CMSIS:CORE@5.6.0
Build Time Elapsed:  00:00:07
</pre>
</body>
</html>
