<html>
<body>
<pre>
<h1>µVision Build Log</h1>
<h2>Tool Versions:</h2>
IDE-Version: ¦ÌVision V5.25.2.0
Copyright (C) 2018 ARM Ltd and ARM Germany GmbH. All rights reserved.
License Information: 1 a, 1, LIC=Y2B1Q-NRDCQ-4A8DE-5YRWC-1HVEH-8E88T
 
Tool Versions:
Toolchain:       MDK-ARM Professional  Version: 5.25.2.0
Toolchain Path:  E:\Keil_v5\ARM\ARMCC\Bin
C Compiler:      Armcc.exe V5.06 update 6 (build 750)
Assembler:       Armasm.exe V5.06 update 6 (build 750)
Linker/Locator:  ArmLink.exe V5.06 update 6 (build 750)
Library Manager: ArmAr.exe V5.06 update 6 (build 750)
Hex Converter:   FromElf.exe V5.06 update 6 (build 750)
CPU DLL:         SARMCM3.DLL V5.25.2.0
Dialog DLL:      DARMCM1.DLL V1.19.1.0
Target DLL:      STLink\ST-LINKIII-KEIL_SWO.dll V3.0.1.0
Dialog DLL:      TARMCM1.DLL V1.14.0.0
 
<h2>Project:</h2>
C:\Users\a\Desktop\MWB(3)\MWB\MDK-ARM\STM32F072C8T6.uvprojx
Project File Date:  11/01/2025

<h2>Output:</h2>
*** Using Compiler 'V5.06 update 6 (build 750)', folder: 'E:\Keil_v5\ARM\ARMCC\Bin'
Rebuild target 'STM32F072C8T6'
assembling startup_stm32f072xb.s...
compiling gpio.c...
compiling i2c.c...
compiling stm32f0xx_it.c...
compiling spi.c...
compiling main.c...
compiling usart.c...
compiling freertos.c...
compiling stm32f0xx_hal_msp.c...
compiling stm32f0xx_hal_usart.c...
compiling stm32f0xx_hal_timebase_tim.c...
compiling stm32f0xx_hal_rcc_ex.c...
compiling stm32f0xx_hal_tim_ex.c...
compiling stm32f0xx_hal_rcc.c...
compiling stm32f0xx_hal_tim.c...
compiling stm32f0xx_hal.c...
compiling stm32f0xx_hal_i2c_ex.c...
compiling stm32f0xx_hal_gpio.c...
compiling stm32f0xx_hal_cortex.c...
compiling stm32f0xx_hal_dma.c...
compiling stm32f0xx_hal_pwr.c...
compiling stm32f0xx_hal_i2c.c...
compiling stm32f0xx_hal_pwr_ex.c...
compiling stm32f0xx_hal_spi_ex.c...
compiling stm32f0xx_hal_flash.c...
compiling stm32f0xx_hal_exti.c...
compiling stm32f0xx_hal_flash_ex.c...
compiling stm32f0xx_hal_spi.c...
compiling stm32f0xx_hal_uart.c...
compiling stm32f0xx_hal_uart_ex.c...
compiling system_stm32f0xx.c...
compiling MP4201Middleware.c...
compiling MP4201.c...
..\MP4201\Src\MP4201.c(144): warning:  #188-D: enumerated type mixed with another type
  		mp4201_DEAD_Time_set(mp4201,0x01);
..\MP4201\Src\MP4201.c(148): warning:  #188-D: enumerated type mixed with another type
  	  mp4201_FB_Mode_set(mp4201, 0x00);
..\MP4201\Src\MP4201.c: 2 warnings, 0 errors
compiling MCP4725.c...
..\MCP4725\MCP4725.c(58): warning:  #1-D: last line of file ends without a newline
      
..\MCP4725\MCP4725.c: 1 warning, 0 errors
compiling w25qxx.c...
compiling croutine.c...
compiling MP4201Driver.c...
..\MP4201\Src\MP4201Driver.c(418): warning:  #188-D: enumerated type mixed with another type
      mp4201->MFR_CTRL1.Input_UVLO_SEL = (MFR_CTRL1_REG_value & 0x60) >> 5;
..\MP4201\Src\MP4201Driver.c(420): warning:  #188-D: enumerated type mixed with another type
      mp4201->MFR_CTRL1.FB_MODE        = (MFR_CTRL1_REG_value & 0x08) >> 3;
..\MP4201\Src\MP4201Driver.c(421): warning:  #188-D: enumerated type mixed with another type
      mp4201->MFR_CTRL1.OCP_MODE       = (MFR_CTRL1_REG_value & 0x04) >> 2;
..\MP4201\Src\MP4201Driver.c(422): warning:  #188-D: enumerated type mixed with another type
      mp4201->MFR_CTRL1.DEAD_TIME      = (MFR_CTRL1_REG_value & 0x03);
..\MP4201\Src\MP4201Driver.c(512): warning:  #188-D: enumerated type mixed with another type
      mp4201->MFR_CTRL2.Discharge_current_select = (MFR_CTRL2_REG_value & 0x18) >> 3;
..\MP4201\Src\MP4201Driver.c(513): warning:  #188-D: enumerated type mixed with another type
      mp4201->MFR_CTRL2.Line_compensation_select = (MFR_CTRL2_REG_value & 0x07);
..\MP4201\Src\MP4201Driver.c(568): warning:  #188-D: enumerated type mixed with another type
      mp4201->MFR_OCP_CTRL.Switching_current_limit_value = (MFR_OCP_CTRL_REG_value & 0xE0) >> 4;
..\MP4201\Src\MP4201Driver.c(569): warning:  #188-D: enumerated type mixed with another type
      mp4201->MFR_OCP_CTRL.Rsense1_value                 = (MFR_OCP_CTRL_REG_value & 0x0C) >> 2;
..\MP4201\Src\MP4201Driver.c(570): warning:  #188-D: enumerated type mixed with another type
      mp4201->MFR_OCP_CTRL.Rsense2_value                 = (MFR_OCP_CTRL_REG_value & 0x03);
..\MP4201\Src\MP4201Driver.c(633): warning:  #188-D: enumerated type mixed with another type
      mp4201->MFR_CTRL3.GPIO_function = (MFR_CTRL3_REG_value & 0x18) >> 3;
..\MP4201\Src\MP4201Driver.c(634): warning:  #188-D: enumerated type mixed with another type
      mp4201->MFR_CTRL3.I2C_Address   = (MFR_CTRL3_REG_value & 0x03);
..\MP4201\Src\MP4201Driver.c(657): warning:  #188-D: enumerated type mixed with another type
      return  0;
..\MP4201\Src\MP4201Driver.c(748): warning:  #188-D: enumerated type mixed with another type
      mp4201->MFR_CTRL4.Input_CC_blank_time_value  = (MFR_CTRL4_REG_value & 0x60) >> 5;
..\MP4201\Src\MP4201Driver.c(750): warning:  #188-D: enumerated type mixed with another type
      mp4201->MFR_CTRL4.Output_CC_blank_time_value = (MFR_CTRL4_REG_value & 0x0C) >> 2;
..\MP4201\Src\MP4201Driver.c(751): warning:  #188-D: enumerated type mixed with another type
      mp4201->MFR_CTRL4.Precharge_voltage_value    = (MFR_CTRL4_REG_value & 0x02) >> 1;
..\MP4201\Src\MP4201Driver.c(831): warning:  #188-D: enumerated type mixed with another type
      mp4201->MFR_CTRL5.Slew_rate_value           = (MFR_CTRL5_REG_value & 0xC0) >> 6;
..\MP4201\Src\MP4201Driver.c(832): warning:  #188-D: enumerated type mixed with another type
      mp4201->MFR_CTRL5.Slew_fall_value           = (MFR_CTRL5_REG_value & 0x30) >> 4;
..\MP4201\Src\MP4201Driver.c(833): warning:  #188-D: enumerated type mixed with another type
      mp4201->MFR_CTRL5.Termination_current_value = (MFR_CTRL5_REG_value & 0x0F);
..\MP4201\Src\MP4201Driver.c(894): warning:  #188-D: enumerated type mixed with another type
      mp4201->MFR_OVP_CTRL.ABS_VOUT_OVP_value = (MFR_OVP_CTRL_REG_value & 0x70) >> 4;
..\MP4201\Src\MP4201Driver.c(896): warning:  #188-D: enumerated type mixed with another type
      mp4201->MFR_OVP_CTRL.VIN_OVP_value      = (MFR_OVP_CTRL_REG_value & 0x03);
..\MP4201\Src\MP4201Driver.c: 20 warnings, 0 errors
compiling event_groups.c...
compiling list.c...
compiling stream_buffer.c...
compiling queue.c...
compiling tasks.c...
compiling timers.c...
compiling heap_4.c...
compiling port.c...
compiling cmsis_os2.c...
compiling screen.c...
linking...
Program Size: Code=32400 RO-data=480 RW-data=260 ZI-data=8396  
FromELF: creating hex file...
"STM32F072C8T6\STM32F072C8T6.axf" - 0 Error(s), 23 Warning(s).

<h2>Software Packages used:</h2>

Package Vendor: ARM
                http://www.keil.com/pack/ARM.CMSIS.5.8.0.pack
                ARM.CMSIS.5.8.0
                CMSIS (Common Microcontroller Software Interface Standard)
   * Component: CORE Version: 5.5.0

Package Vendor: Keil
                http://www.keil.com/pack/Keil.STM32F0xx_DFP.2.1.0.pack
                Keil.STM32F0xx_DFP.2.1.0
                STMicroelectronics STM32F0 Series Device Support, Drivers and Examples

<h2>Collection of Component include folders:</h2>
  .\RTE\_STM32F072C8T6
  E:\Users\a\AppData\Local\Arm\Packs\ARM\CMSIS\5.8.0\CMSIS\Core\Include
  E:\Users\a\AppData\Local\Arm\Packs\Keil\STM32F0xx_DFP\2.1.0\Drivers\CMSIS\Device\ST\STM32F0xx\Include

<h2>Collection of Component Files used:</h2>

   * Component: ARM::CMSIS:CORE:5.5.0
Build Time Elapsed:  00:00:13
</pre>
</body>
</html>
